=== chain start 2026-10-08T21:06:14Z
alive: train_armA.log 21:07:14
alive: train_armA.log 21:08:14
alive: train_armA.log 21:09:14
alive: train_armA.log 21:10:14
alive: train_armA.log 21:11:14
alive: train_armA.log 21:12:14
alive: train_armA.log 21:13:14
alive: train_armA.log 21:14:14
alive: train_armA.log 21:15:14
alive: train_armA.log 21:16:14
alive: train_armA.log 21:17:14
alive: train_armA.log 21:18:14
alive: train_armA.log 21:19:14
alive: train_armA.log 21:20:14
alive: train_armA.log 21:21:15
alive: train_armA.log 21:22:15
alive: train_armA.log 21:23:15
alive: train_armA.log 21:24:15
alive: train_armA.log 21:25:15
alive: train_armA.log 21:26:15
alive: train_armA.log 21:27:15
alive: train_armA.log 21:28:15
alive: train_armA.log 21:29:15
alive: train_armA.log 21:30:15
alive: train_armA.log 21:31:15
alive: train_armA.log 21:32:15
alive: train_armA.log 21:33:15
alive: train_armA.log 21:34:15
alive: train_armA.log 21:35:15
alive: train_armA.log 21:36:15
alive: train_armA.log 21:37:15
alive: train_armA.log 21:38:15
alive: train_armA.log 21:39:15
alive: train_armA.log 21:40:15
alive: train_armA.log 21:41:15
alive: train_armA.log 21:42:16
alive: train_armA.log 21:43:16
alive: train_armA.log 21:44:16
alive: train_armA.log 21:45:16
alive: train_armA.log 21:46:16
alive: train_armA.log 21:47:16
alive: train_armA.log 21:48:16
alive: train_armA.log 21:49:16
alive: train_armA.log 21:50:16
alive: train_armA.log 21:51:16
alive: train_armA.log 21:52:16
alive: train_armA.log 21:53:16
alive: train_armA.log 21:54:16
alive: train_armA.log 21:55:16
alive: train_armA.log 21:56:16
alive: train_armA.log 21:57:16
alive: train_armA.log 21:58:16
alive: train_armA.log 21:59:17
alive: train_armA.log 22:00:17
alive: train_armA.log 22:01:17
alive: train_armA.log 22:02:17
alive: train_armA.log 22:03:17
alive: train_armA.log 22:04:17
alive: train_armA.log 22:05:17
alive: train_armA.log 22:06:17
alive: train_armA.log 22:07:17
alive: train_armA.log 22:08:17
alive: train_armA.log 22:09:17
alive: train_armA.log 22:10:17
alive: train_armA.log 22:11:17
alive: train_armA.log 22:12:17
alive: train_armA.log 22:13:18
alive: train_armA.log 22:14:18
alive: train_armA.log 22:15:18
alive: train_armA.log 22:16:18
alive: train_armA.log 22:17:18
alive: train_armA.log 22:18:18
alive: train_armA.log 22:19:18
alive: train_armA.log 22:20:18
alive: train_armA.log 22:21:18
alive: train_armA.log 22:22:18
alive: train_armA.log 22:23:18
alive: train_armA.log 22:24:18
alive: train_armA.log 22:25:18
alive: train_armA.log 22:26:18
alive: train_armA.log 22:27:18
alive: train_armA.log 22:28:18
alive: train_armA.log 22:29:18
alive: train_armA.log 22:30:18
alive: train_armA.log 22:31:18
alive: train_armA.log 22:32:18
alive: train_armA.log 22:33:18
alive: train_armA.log 22:34:18
alive: train_armA.log 22:35:19
alive: train_armA.log 22:36:19
alive: train_armA.log 22:37:19
alive: train_armA.log 22:38:19
alive: train_armA.log 22:39:19
alive: train_armA.log 22:40:19
alive: train_armA.log 22:41:19
alive: train_armA.log 22:42:19
alive: train_armA.log 22:43:19
alive: train_armA.log 22:44:19
alive: train_armA.log 22:45:19
alive: train_armA.log 22:46:19
alive: train_armA.log 22:47:19
alive: train_armA.log 22:48:19
alive: train_armA.log 22:49:19
alive: train_armA.log 22:50:19
alive: train_armA.log 22:51:19
alive: train_armA.log 22:52:19
alive: train_armA.log 22:53:19
alive: train_armA.log 22:54:19
alive: train_armA.log 22:55:20
alive: train_armA.log 22:56:20
alive: train_armA.log 22:57:20
alive: train_armA.log 22:58:20
alive: train_armA.log 22:59:20
alive: train_armA.log 23:00:20
alive: train_armA.log 23:01:20
alive: train_armA.log 23:02:20
alive: train_armA.log 23:03:20
alive: train_armA.log 23:04:20
alive: train_armA.log 23:05:21
alive: train_armA.log 23:06:21
alive: train_armA.log 23:07:21
alive: train_armA.log 23:08:21
alive: train_armA.log 23:09:21
alive: train_armA.log 23:10:21
alive: train_armA.log 23:11:21
alive: train_armA.log 23:12:21
alive: train_armA.log 23:13:21
alive: train_armA.log 23:14:21
alive: train_armA.log 23:15:21
alive: train_armA.log 23:16:21
alive: train_armA.log 23:17:21
alive: train_armA.log 23:18:21
alive: train_armA.log 23:19:21
alive: train_armA.log 23:20:21
alive: train_armA.log 23:21:22
alive: train_armA.log 23:22:22
alive: train_armA.log 23:23:22
alive: train_armA.log 23:24:22
alive: train_armA.log 23:25:22
alive: train_armA.log 23:26:22
alive: train_armA.log 23:27:22
alive: train_armA.log 23:28:22
alive: train_armA.log 23:29:22
alive: train_armA.log 23:30:22
alive: train_armA.log 23:31:22
alive: train_armA.log 23:32:22
alive: train_armA.log 23:33:22
alive: train_armA.log 23:34:22
alive: train_armA.log 23:35:22
alive: train_armA.log 23:36:22
alive: train_armA.log 23:37:22
alive: train_armA.log 23:38:22
alive: train_armA.log 23:39:22
alive: train_armA.log 23:40:22
alive: train_armA.log 23:41:22
alive: train_armA.log 23:42:23
alive: train_armA.log 23:43:23
alive: train_armA.log 23:44:23
alive: train_armA.log 23:45:23
alive: train_armA.log 23:46:23
alive: train_armA.log 23:47:23
alive: train_armA.log 23:48:23
alive: train_armA.log 23:49:23
alive: train_armA.log 23:50:23
alive: train_armA.log 23:51:23
alive: train_armA.log 23:52:23
alive: train_armA.log 23:53:23
alive: train_armA.log 23:54:23
alive: train_armA.log 23:55:23
alive: train_armA.log 23:56:23
alive: train_armA.log 23:57:23
alive: train_armA.log 23:58:23
alive: train_armA.log 23:59:23
alive: train_armA.log 00:00:23
alive: train_armA.log 00:01:24
alive: train_armA.log 00:02:24
alive: train_armA.log 00:03:24
alive: train_armA.log 00:04:24
alive: train_armA.log 00:05:24
alive: train_armA.log 00:06:24
alive: train_armA.log 00:07:24
alive: train_armA.log 00:08:24
alive: train_armA.log 00:09:24
alive: train_armA.log 00:10:24
alive: train_armA.log 00:11:24
alive: train_armA.log 00:12:24
alive: train_armA.log 00:13:24
alive: train_armA.log 00:14:24
alive: train_armA.log 00:15:24
alive: train_armA.log 00:16:24
alive: train_armA.log 00:17:24
alive: train_armA.log 00:18:24
alive: train_armA.log 00:19:24
alive: train_armA.log 00:20:25
alive: train_armA.log 00:21:25
alive: train_armA.log 00:22:25
alive: train_armA.log 00:23:25
alive: train_armA.log 00:24:25
alive: train_armA.log 00:25:25
alive: train_armA.log 00:26:25
alive: train_armA.log 00:27:25
alive: train_armA.log 00:28:25
alive: train_armA.log 00:29:25
alive: train_armA.log 00:30:25
alive: train_armA.log 00:31:25
alive: train_armA.log 00:32:25
alive: train_armA.log 00:33:25
alive: train_armA.log 00:34:25
alive: train_armA.log 00:35:25
alive: train_armA.log 00:36:25
alive: train_armA.log 00:37:25
alive: train_armA.log 00:38:25
alive: train_armA.log 00:39:25
alive: train_armA.log 00:40:26
alive: train_armA.log 00:41:26
alive: train_armA.log 00:42:26
alive: train_armA.log 00:43:26
alive: train_armA.log 00:44:26
alive: train_armA.log 00:45:26
alive: train_armA.log 00:46:26
alive: train_armA.log 00:47:26
alive: train_armA.log 00:48:26
alive: train_armA.log 00:49:26
alive: train_armA.log 00:50:26
alive: train_armA.log 00:51:26
alive: train_armA.log 00:52:26
alive: train_armA.log 00:53:26
alive: train_armA.log 00:54:26
alive: train_armA.log 00:55:26
alive: train_armA.log 00:56:26
alive: train_armA.log 00:57:26
alive: train_armA.log 00:58:26
alive: train_armA.log 00:59:26
alive: train_armA.log 01:00:27
alive: train_armA.log 01:01:27
alive: train_armA.log 01:02:27
alive: train_armA.log 01:03:27
alive: train_armA.log 01:04:27
alive: train_armA.log 01:05:27
alive: train_armA.log 01:06:27
alive: train_armA.log 01:07:27
alive: train_armA.log 01:08:27
alive: train_armA.log 01:09:27
alive: train_armA.log 01:10:27
alive: train_armA.log 01:11:27
alive: train_armA.log 01:12:27
alive: train_armA.log 01:13:27
alive: train_armA.log 01:14:27
alive: train_armA.log 01:15:27
alive: train_armA.log 01:16:27
alive: train_armA.log 01:17:27
alive: train_armA.log 01:18:28
alive: train_armA.log 01:19:28
alive: train_armA.log 01:20:28
alive: train_armA.log 01:21:28
alive: train_armA.log 01:22:28
alive: train_armA.log 01:23:28
alive: train_armA.log 01:24:28
alive: train_armA.log 01:25:28
alive: train_armA.log 01:26:28
alive: train_armA.log 01:27:28
alive: train_armA.log 01:28:28
alive: train_armA.log 01:29:28
alive: train_armA.log 01:30:28
alive: train_armA.log 01:31:28
alive: train_armA.log 01:32:28
alive: train_armA.log 01:33:28
alive: train_armA.log 01:34:28
alive: train_armA.log 01:35:28
alive: train_armA.log 01:36:28
alive: train_armA.log 01:37:28
alive: train_armA.log 01:38:28
alive: train_armA.log 01:39:28
alive: train_armA.log 01:40:29
alive: train_armA.log 01:41:29
alive: train_armA.log 01:42:29
alive: train_armA.log 01:43:29
alive: train_armA.log 01:44:29
alive: train_armA.log 01:45:29
alive: train_armA.log 01:46:29
alive: train_armA.log 01:47:29
alive: train_armA.log 01:48:29
alive: train_armA.log 01:49:29
alive: train_armA.log 01:50:29
alive: train_armA.log 01:51:29
alive: train_armA.log 01:52:29
alive: train_armA.log 01:53:29
alive: train_armA.log 01:54:29
alive: train_armA.log 01:55:29
alive: train_armA.log 01:56:29
alive: train_armA.log 01:57:29
alive: train_armA.log 01:58:29
alive: train_armA.log 01:59:29
alive: train_armA.log 02:00:29
alive: train_armA.log 02:01:30
alive: train_armA.log 02:02:30
alive: train_armA.log 02:03:30
alive: train_armA.log 02:04:30
alive: train_armA.log 02:05:30
alive: train_armA.log 02:06:30
alive: train_armA.log 02:07:30
alive: train_armA.log 02:08:30
alive: train_armA.log 02:09:30
alive: train_armA.log 02:10:30
alive: train_armA.log 02:11:30
alive: train_armA.log 02:12:30
alive: train_armA.log 02:13:30
alive: train_armA.log 02:14:30
alive: train_armA.log 02:15:30
alive: train_armA.log 02:16:30
alive: train_armA.log 02:17:30
alive: train_armA.log 02:18:30
alive: train_armA.log 02:19:30
alive: train_armA.log 02:20:30
alive: train_armA.log 02:21:30
alive: train_armA.log 02:22:31
alive: train_armA.log 02:23:31
alive: train_armA.log 02:24:31
alive: train_armA.log 02:25:31
alive: train_armA.log 02:26:31
alive: train_armA.log 02:27:31
alive: train_armA.log 02:28:31
alive: train_armA.log 02:29:31
alive: train_armA.log 02:30:31
alive: train_armA.log 02:31:31
alive: train_armA.log 02:32:31
alive: train_armA.log 02:33:31
alive: train_armA.log 02:34:31
alive: train_armA.log 02:35:31
alive: train_armA.log 02:36:31
alive: train_armA.log 02:37:31
alive: train_armA.log 02:38:31
alive: train_armA.log 02:39:31
alive: train_armA.log 02:40:32
alive: train_armA.log 02:41:32
alive: train_armA.log 02:42:32
alive: train_armA.log 02:43:32
alive: train_armA.log 02:44:32
alive: train_armA.log 02:45:32
alive: train_armA.log 02:46:32
alive: train_armA.log 02:47:32
alive: train_armA.log 02:48:32
alive: train_armA.log 02:49:32
alive: train_armA.log 02:50:32
alive: train_armA.log 02:51:32
alive: train_armA.log 02:52:32
alive: train_armA.log 02:53:32
alive: train_armA.log 02:54:32
alive: train_armA.log 02:55:32
alive: train_armA.log 02:56:32
alive: train_armA.log 02:57:32
alive: train_armB.log 02:58:32
alive: train_armB.log 02:59:32
alive: train_armB.log 03:00:33
alive: train_armB.log 03:01:33
alive: train_armB.log 03:02:33
alive: train_armB.log 03:03:33
alive: train_armB.log 03:04:33
alive: train_armB.log 03:05:33
alive: train_armB.log 03:06:33
alive: train_armB.log 03:07:33
alive: train_armB.log 03:08:33
alive: train_armB.log 03:09:33
alive: train_armB.log 03:10:33
alive: train_armB.log 03:11:33
alive: train_armB.log 03:12:33
alive: train_armB.log 03:13:33
alive: train_armB.log 03:14:33
alive: train_armB.log 03:15:33
alive: train_armB.log 03:16:33
alive: train_armB.log 03:17:33
alive: train_armB.log 03:18:33
alive: train_armB.log 03:19:33
alive: train_armB.log 03:20:34
alive: train_armB.log 03:21:34
alive: train_armB.log 03:22:34
alive: train_armB.log 03:23:34
alive: train_armB.log 03:24:34
alive: train_armB.log 03:25:34
alive: train_armB.log 03:26:34
alive: train_armB.log 03:27:34
alive: train_armB.log 03:28:34
alive: train_armB.log 03:29:34
alive: train_armB.log 03:30:34
alive: train_armB.log 03:31:34
alive: train_armB.log 03:32:34
alive: train_armB.log 03:33:34
alive: train_armB.log 03:34:34
alive: train_armB.log 03:35:34
alive: train_armB.log 03:36:34
alive: train_armB.log 03:37:34
alive: train_armB.log 03:38:34
alive: train_armB.log 03:39:34
alive: train_armB.log 03:40:35
alive: train_armB.log 03:41:35
alive: train_armB.log 03:42:35
alive: train_armB.log 03:43:35
alive: train_armB.log 03:44:35
alive: train_armB.log 03:45:35
alive: train_armB.log 03:46:35
alive: train_armB.log 03:47:35
alive: train_armB.log 03:48:35
alive: train_armB.log 03:49:35
alive: train_armB.log 03:50:35
alive: train_armB.log 03:51:35
alive: train_armB.log 03:52:35
alive: train_armB.log 03:53:35
alive: train_armB.log 03:54:35
alive: train_armB.log 03:55:35
alive: train_armB.log 03:56:35
alive: train_armB.log 03:57:35
alive: train_armB.log 03:58:35
alive: train_armB.log 03:59:35
alive: train_armB.log 04:00:35
alive: train_armB.log 04:01:36
alive: train_armB.log 04:02:36
alive: train_armB.log 04:03:36
alive: train_armB.log 04:04:36
alive: train_armB.log 04:05:36
alive: train_armB.log 04:06:36
alive: train_armB.log 04:07:36
alive: train_armB.log 04:08:36
alive: train_armB.log 04:09:36
alive: train_armB.log 04:10:36
alive: train_armB.log 04:11:36
alive: train_armB.log 04:12:36
alive: train_armB.log 04:13:36
alive: train_armB.log 04:14:36
alive: train_armB.log 04:15:36
alive: train_armB.log 04:16:36
alive: train_armB.log 04:17:36
alive: train_armB.log 04:18:36
alive: train_armB.log 04:19:36
alive: train_armB.log 04:20:36
alive: train_armB.log 04:21:36
alive: train_armB.log 04:22:37
alive: train_armB.log 04:23:37
alive: train_armB.log 04:24:37
alive: train_armB.log 04:25:37
alive: train_armB.log 04:26:37
alive: train_armB.log 04:27:37
alive: train_armB.log 04:28:37
alive: train_armB.log 04:29:37
alive: train_armB.log 04:30:37
alive: train_armB.log 04:31:37
alive: train_armB.log 04:32:37
alive: train_armB.log 04:33:37
alive: train_armB.log 04:34:37
alive: train_armB.log 04:35:37
alive: train_armB.log 04:36:37
alive: train_armB.log 04:37:37
alive: train_armB.log 04:38:37
alive: train_armB.log 04:39:37
alive: train_armB.log 04:40:37
alive: train_armB.log 04:41:37
alive: train_armB.log 04:42:37
alive: train_armB.log 04:43:38
alive: train_armB.log 04:44:38
alive: train_armB.log 04:45:38
alive: train_armB.log 04:46:38
alive: train_armB.log 04:47:38
alive: train_armB.log 04:48:38
alive: train_armB.log 04:49:38
alive: train_armB.log 04:50:38
alive: train_armB.log 04:51:38
alive: train_armB.log 04:52:38
alive: train_armB.log 04:53:38
alive: train_armB.log 04:54:38
alive: train_armB.log 04:55:38
alive: train_armB.log 04:56:38
alive: train_armB.log 04:57:38
alive: train_armB.log 04:58:38
alive: train_armB.log 04:59:38
alive: train_armB.log 05:00:38
alive: train_armB.log 05:01:38
alive: train_armB.log 05:02:38
alive: train_armB.log 05:03:38
alive: train_armB.log 05:04:39
alive: train_armB.log 05:05:39
alive: train_armB.log 05:06:39
alive: train_armB.log 05:07:39
alive: train_armB.log 05:08:39
alive: train_armB.log 05:09:39
alive: train_armB.log 05:10:39
alive: train_armB.log 05:11:39
alive: train_armB.log 05:12:39
alive: train_armB.log 05:13:39
alive: train_armB.log 05:14:39
alive: train_armB.log 05:15:39
alive: train_armB.log 05:16:39
alive: train_armB.log 05:17:39
alive: train_armB.log 05:18:39
alive: train_armB.log 05:19:39
alive: train_armB.log 05:20:39
alive: train_armB.log 05:21:40
alive: train_armB.log 05:22:40
alive: train_armB.log 05:23:40
alive: train_armB.log 05:24:40
alive: train_armB.log 05:25:40
alive: train_armB.log 05:26:40
alive: train_armB.log 05:27:40
alive: train_armB.log 05:28:40
alive: train_armB.log 05:29:40
alive: train_armB.log 05:30:40
alive: train_armB.log 05:31:40
alive: train_armB.log 05:32:40
alive: train_armB.log 05:33:40
alive: train_armB.log 05:34:40
alive: train_armB.log 05:35:40
alive: train_armB.log 05:36:40
alive: train_armB.log 05:37:40
alive: train_armB.log 05:38:40
alive: train_armB.log 05:39:40
alive: train_armB.log 05:40:40
alive: train_armB.log 05:41:40
alive: train_armB.log 05:42:40
alive: train_armB.log 05:43:40
alive: train_armB.log 05:44:41
alive: train_armB.log 05:45:41
alive: train_armB.log 05:46:41
alive: train_armB.log 05:47:41
alive: train_armB.log 05:48:41
alive: train_armB.log 05:49:41
alive: train_armB.log 05:50:41
alive: train_armB.log 05:51:41
alive: train_armB.log 05:52:41
alive: train_armB.log 05:53:41
alive: train_armB.log 05:54:41
alive: train_armB.log 05:55:41
alive: train_armB.log 05:56:41
alive: train_armB.log 05:57:41
alive: train_armB.log 05:58:41
alive: train_armB.log 05:59:41
alive: train_armB.log 06:00:41
alive: train_armB.log 06:01:41
alive: train_armB.log 06:02:41
alive: train_armB.log 06:03:41
alive: train_armB.log 06:04:42
alive: train_armB.log 06:05:42
alive: train_armB.log 06:06:42
alive: train_armB.log 06:07:42
alive: train_armB.log 06:08:42
alive: train_armB.log 06:09:42
alive: train_armB.log 06:10:42
alive: train_armB.log 06:11:42
alive: train_armB.log 06:12:42
alive: train_armB.log 06:13:42
alive: train_armB.log 06:14:42
alive: train_armB.log 06:15:42
alive: train_armB.log 06:16:42
alive: train_armB.log 06:17:42
alive: train_armB.log 06:18:42
alive: train_armB.log 06:19:42
alive: train_armB.log 06:20:42
alive: train_armB.log 06:21:42
alive: train_armB.log 06:22:42
alive: train_armB.log 06:23:42
alive: train_armB.log 06:24:42
alive: train_armB.log 06:25:43
alive: train_armB.log 06:26:43
alive: train_armB.log 06:27:43
alive: train_armB.log 06:28:43
alive: train_armB.log 06:29:43
alive: train_armB.log 06:30:43
alive: train_armB.log 06:31:43
alive: train_armB.log 06:32:43
alive: train_armB.log 06:33:43
alive: train_armB.log 06:34:43
alive: train_armB.log 06:35:43
alive: train_armB.log 06:36:43
alive: train_armB.log 06:37:43
alive: train_armB.log 06:38:43
alive: train_armB.log 06:39:43
alive: train_armB.log 06:40:43
alive: train_armB.log 06:41:43
alive: train_armB.log 06:42:43
alive: train_armB.log 06:43:43
alive: train_armB.log 06:44:43
alive: train_armB.log 06:45:44
alive: train_armB.log 06:46:44
alive: train_armB.log 06:47:44
alive: train_armB.log 06:48:44
alive: train_armB.log 06:49:44
alive: train_armB.log 06:50:44
alive: train_armB.log 06:51:44
alive: train_armB.log 06:52:44
alive: train_armB.log 06:53:44
alive: train_armB.log 06:54:44
alive: train_armB.log 06:55:44
alive: train_armB.log 06:56:44
alive: train_armB.log 06:57:44
alive: train_armB.log 06:58:44
alive: train_armB.log 06:59:44
alive: train_armB.log 07:00:44
alive: train_armB.log 07:01:44
alive: train_armB.log 07:02:44
alive: train_armB.log 07:03:44
alive: train_armB.log 07:04:44
alive: train_armB.log 07:05:44
alive: train_armB.log 07:06:44
alive: train_armB.log 07:07:44
alive: train_armB.log 07:08:45
alive: train_armB.log 07:09:45
alive: train_armB.log 07:10:45
alive: train_armB.log 07:11:45
alive: train_armB.log 07:12:45
alive: train_armB.log 07:13:45
alive: train_armB.log 07:14:45
alive: train_armB.log 07:15:45
alive: train_armB.log 07:16:45
alive: train_armB.log 07:17:45
alive: train_armB.log 07:18:45
alive: train_armB.log 07:19:45
alive: train_armB.log 07:20:45
alive: train_armB.log 07:21:45
alive: train_armB.log 07:22:45
alive: train_armB.log 07:23:45
alive: train_armB.log 07:24:45
alive: train_armB.log 07:25:45
alive: train_armB.log 07:26:45
alive: train_armB.log 07:27:45
alive: train_armB.log 07:28:45
alive: train_armB.log 07:29:46
alive: train_armB.log 07:30:46
alive: train_armB.log 07:31:46
alive: train_armB.log 07:32:46
alive: train_armB.log 07:33:46
alive: train_armB.log 07:34:46
alive: train_armB.log 07:35:46
alive: train_armB.log 07:36:46
alive: train_armB.log 07:37:46
alive: train_armB.log 07:38:46
alive: train_armB.log 07:39:46
alive: train_armB.log 07:40:46
alive: train_armB.log 07:41:46
alive: train_armB.log 07:42:46
alive: train_armB.log 07:43:46
alive: train_armB.log 07:44:46
alive: train_armB.log 07:45:46
alive: train_armB.log 07:46:46
alive: train_armB.log 07:47:46
alive: train_armB.log 07:48:47
alive: train_armB.log 07:49:47
alive: train_armB.log 07:50:47
alive: train_armB.log 07:51:47
alive: train_armB.log 07:52:47
alive: train_armB.log 07:53:47
alive: train_armB.log 07:54:47
alive: train_armB.log 07:55:47
alive: train_armB.log 07:56:47
alive: train_armB.log 07:57:47
alive: train_armB.log 07:58:47
alive: train_armB.log 07:59:47
alive: train_armB.log 08:00:47
alive: train_armB.log 08:01:47
alive: train_armB.log 08:02:47
alive: train_armB.log 08:03:47
alive: train_armB.log 08:04:47
alive: train_armB.log 08:05:47
alive: train_armB.log 08:06:47
alive: train_armB.log 08:07:47
alive: train_armB.log 08:08:47
alive: train_armB.log 08:09:48
alive: train_armB.log 08:10:48
alive: train_armB.log 08:11:48
alive: train_armB.log 08:12:48
alive: train_armB.log 08:13:48
alive: train_armB.log 08:14:48
alive: train_armB.log 08:15:48
alive: train_armB.log 08:16:48
alive: train_armB.log 08:17:48
alive: train_armB.log 08:18:48
alive: train_armB.log 08:19:48
alive: train_armB.log 08:20:48
alive: train_armB.log 08:21:48
alive: train_armB.log 08:22:48
alive: train_armB.log 08:23:48
alive: train_armB.log 08:24:48
alive: train_armB.log 08:25:49
alive: train_armB.log 08:26:49
alive: train_armB.log 08:27:49
alive: train_armB.log 08:28:49
alive: train_armB.log 08:29:49
alive: train_armB.log 08:30:49
alive: train_armB.log 08:31:49
alive: train_armB.log 08:32:49
alive: train_armB.log 08:33:49
alive: train_armB.log 08:34:49
alive: train_armB.log 08:35:49
alive: train_armB.log 08:36:49
alive: train_armB.log 08:37:49
alive: train_armB.log 08:38:49
alive: train_armB.log 08:39:49
alive: train_armB.log 08:40:50
alive: train_armB.log 08:41:50
alive: train_armB.log 08:42:50
alive: train_armB.log 08:43:50
alive: train_armB.log 08:44:50
alive: train_armB.log 08:45:50
alive: train_armB.log 08:46:50
alive: train_armB.log 08:47:50
alive: train_armB.log 08:48:50
alive: train_armB.log 08:49:50
alive: train_armB.log 08:50:50
alive: train_armB.log 08:51:50
alive: train_armB.log 08:52:50
alive: train_armB.log 08:53:50
alive: train_armB.log 08:54:50
alive: train_armB.log 08:55:50
alive: train_armB.log 08:56:50
alive: train_armB.log 08:57:50
alive: train_armB.log 08:58:50
alive: train_armB.log 08:59:51
alive: train_armB.log 09:00:51
alive: train_armB.log 09:01:51
alive: train_armB.log 09:02:51
alive: train_armB.log 09:03:51
alive: train_armB.log 09:04:51
alive: train_armB.log 09:05:51
alive: train_armB.log 09:06:51
alive: train_armB.log 09:07:51
alive: train_armB.log 09:08:51
alive: train_armB.log 09:09:51
alive: train_armB.log 09:10:51
alive: train_armB.log 09:11:51
alive: train_armB.log 09:12:51
alive: train_armB.log 09:13:51
alive: train_armB.log 09:14:51
alive: train_armB.log 09:15:52
alive: train_armB.log 09:16:52
alive: train_armB.log 09:17:52
alive: train_armB.log 09:18:52
alive: train_armB.log 09:19:52
alive: train_armB.log 09:20:52
alive: train_armB.log 09:21:52
training ended: DONE 2026-10-09T09:22:03Z
checkpoints: /workspace/shot2/checkpoints/pi05_b1k_frozen_vlm/armA/5999 | /workspace/shot2/checkpoints/pi05_b1k_frozen_vlm_progress/armB/5999
=== first block: instances 10 11 12 13 14 15 16 17 18 2026-10-09T09:22:23Z
alive: eval.log 09:22:52
alive: eval.log 09:23:52
alive: eval.log 09:24:52
alive: eval.log 09:25:52
alive: evaluator_armA_turning_on_radio.log 09:26:52
alive: evaluator_armA_turning_on_radio.log 09:27:52
alive: evaluator_armA_turning_on_radio.log 09:28:52
alive: evaluator_armA_turning_on_radio.log 09:29:53
alive: evaluator_armA_turning_on_radio.log 09:30:53
alive: evaluator_armA_turning_on_radio.log 09:32:53
alive: evaluator_armA_turning_on_radio.log 09:33:53
alive: evaluator_armA_turning_on_radio.log 09:34:53
alive: evaluator_armA_turning_on_radio.log 09:35:53
alive: evaluator_armA_turning_on_radio.log 09:36:53
alive: evaluator_armA_turning_on_radio.log 09:37:53
alive: evaluator_armA_turning_on_radio.log 09:38:53
alive: evaluator_armA_turning_on_radio.log 09:39:53
alive: evaluator_armA_turning_on_radio.log 09:40:53
alive: evaluator_armA_turning_on_radio.log 09:45:54
alive: evaluator_armA_turning_on_radio.log 09:46:54
alive: evaluator_armA_turning_on_radio.log 09:47:54
alive: evaluator_armA_turning_on_radio.log 09:48:54
alive: evaluator_armA_turning_on_radio.log 09:49:54
alive: evaluator_armA_turning_on_radio.log 09:50:54
alive: evaluator_armA_turning_on_radio.log 09:51:54
alive: evaluator_armA_turning_on_radio.log 09:52:54
alive: evaluator_armA_turning_on_radio.log 09:53:54
alive: evaluator_armA_turning_on_radio.log 09:57:54
alive: evaluator_armA_turning_on_radio.log 09:58:54
alive: evaluator_armA_turning_on_radio.log 09:59:55
alive: evaluator_armA_turning_on_radio.log 10:00:55
alive: evaluator_armA_turning_on_radio.log 10:01:55
alive: evaluator_armA_turning_on_radio.log 10:02:55
alive: evaluator_armA_turning_on_radio.log 10:06:55
alive: evaluator_armA_turning_on_radio.log 10:07:55
alive: evaluator_armA_turning_on_radio.log 10:08:55
alive: evaluator_armA_turning_on_radio.log 10:09:55
alive: evaluator_armA_turning_on_radio.log 10:10:55
alive: evaluator_armA_turning_on_radio.log 10:14:56
alive: evaluator_armA_turning_on_radio.log 10:15:56
alive: evaluator_armA_turning_on_radio.log 10:16:56
alive: evaluator_armA_turning_on_radio.log 10:17:56
alive: evaluator_armA_turning_on_radio.log 10:18:56
alive: evaluator_armA_turning_on_radio.log 10:22:56
alive: evaluator_armA_turning_on_radio.log 10:23:56
alive: evaluator_armA_turning_on_radio.log 10:24:56
alive: evaluator_armA_turning_on_radio.log 10:25:56
alive: evaluator_armA_turning_on_radio.log 10:26:56
alive: evaluator_armA_turning_on_radio.log 10:27:56
alive: evaluator_armA_turning_on_radio.log 10:31:57
alive: evaluator_armA_turning_on_radio.log 10:32:57
alive: evaluator_armA_turning_on_radio.log 10:33:57
alive: evaluator_armA_turning_on_radio.log 10:34:57
alive: evaluator_armA_turning_on_radio.log 10:35:57
alive: evaluator_armA_turning_on_radio.log 10:40:57
alive: evaluator_armA_turning_on_radio.log 10:41:57
alive: evaluator_armA_turning_on_radio.log 10:42:57
alive: evaluator_armA_turning_on_radio.log 10:43:58
alive: evaluator_armA_turning_on_radio.log 10:44:58
alive: evaluator_armA_turning_on_radio.log 10:48:58
alive: evaluator_armA_turning_on_radio.log 10:49:58
alive: evaluator_armA_turning_on_radio.log 10:50:58
alive: evaluator_armA_turning_on_radio.log 10:51:58
alive: evaluator_armA_turning_on_radio.log 10:52:58
alive: evaluator_armA_turning_on_radio.log 10:57:58
alive: evaluator_armA_turning_on_radio.log 10:58:58
alive: evaluator_armA_turning_on_radio.log 10:59:59
alive: evaluator_armA_turning_on_radio.log 11:00:59
alive: evaluator_armA_turning_on_radio.log 11:01:59
alive: evaluator_armA_turning_on_radio.log 11:07:59
alive: evaluator_armA_turning_on_radio.log 11:08:59
alive: evaluator_armA_turning_on_radio.log 11:09:59
alive: evaluator_armA_turning_on_radio.log 11:10:59
alive: evaluator_armA_turning_on_radio.log 11:11:59
alive: evaluator_armA_turning_on_radio.log 11:15:59
alive: evaluator_armA_turning_on_radio.log 11:17:00
alive: evaluator_armA_turning_on_radio.log 11:18:00
alive: evaluator_armA_turning_on_radio.log 11:19:00
alive: evaluator_armA_turning_on_radio.log 11:20:00
alive: evaluator_armA_turning_on_radio.log 11:26:00
alive: evaluator_armA_turning_on_radio.log 11:27:00
alive: evaluator_armA_turning_on_radio.log 11:28:01
alive: evaluator_armA_turning_on_radio.log 11:29:01
alive: evaluator_armA_turning_on_radio.log 11:30:01
alive: evaluator_armA_turning_on_radio.log 11:34:01
alive: evaluator_armA_turning_on_radio.log 11:35:01
alive: evaluator_armA_turning_on_radio.log 11:36:01
alive: evaluator_armA_turning_on_radio.log 11:37:01
alive: evaluator_armA_turning_on_radio.log 11:38:01
alive: evaluator_armA_turning_on_radio.log 11:39:01
alive: evaluator_armA_turning_on_radio.log 11:40:01
alive: evaluator_armA_turning_on_radio.log 11:41:02
alive: evaluator_armA_turning_on_radio.log 11:42:02
alive: evaluator_armA_turning_on_radio.log 11:43:02
alive: evaluator_armA_turning_on_radio.log 11:48:02
alive: evaluator_armA_turning_on_radio.log 11:49:02
alive: evaluator_armA_turning_on_radio.log 11:50:02
alive: evaluator_armA_turning_on_radio.log 11:51:02
alive: evaluator_armA_turning_on_radio.log 11:52:02
alive: evaluator_armA_turning_on_radio.log 11:57:03
alive: evaluator_armA_turning_on_radio.log 11:58:03
alive: evaluator_armA_turning_on_radio.log 11:59:03
alive: evaluator_armA_turning_on_radio.log 12:00:03
alive: evaluator_armA_turning_on_radio.log 12:01:03
alive: evaluator_armA_turning_on_radio.log 12:06:03
alive: evaluator_armA_turning_on_radio.log 12:07:03
alive: evaluator_armA_turning_on_radio.log 12:08:03
alive: evaluator_armA_turning_on_radio.log 12:09:03
alive: evaluator_armA_turning_on_radio.log 12:10:04
alive: evaluator_armA_turning_on_radio.log 12:13:04
alive: evaluator_armA_turning_on_radio.log 12:14:04
alive: evaluator_armA_turning_on_radio.log 12:15:04
alive: evaluator_armA_turning_on_radio.log 12:16:04
alive: evaluator_armA_turning_on_radio.log 12:17:04
alive: evaluator_armA_turning_on_radio.log 12:18:04
alive: evaluator_armA_turning_on_radio.log 12:19:04
alive: evaluator_armA_turning_on_radio.log 12:20:04
alive: evaluator_armA_turning_on_radio.log 12:22:04
alive: evaluator_armA_turning_on_radio.log 12:23:04
alive: evaluator_armA_turning_on_radio.log 12:24:05
alive: evaluator_armA_turning_on_radio.log 12:25:05
alive: evaluator_armA_turning_on_radio.log 12:26:05
alive: evaluator_armA_turning_on_radio.log 12:27:05
alive: evaluator_armA_turning_on_radio.log 12:28:05
alive: evaluator_armA_turning_on_radio.log 12:29:05
alive: evaluator_armA_turning_on_radio.log 12:30:05
alive: evaluator_armA_turning_on_radio.log 12:31:05
alive: evaluator_armA_turning_on_radio.log 12:32:05
alive: evaluator_armA_turning_on_radio.log 12:33:05
alive: evaluator_armA_turning_on_radio.log 12:34:05
alive: evaluator_armA_turning_on_radio.log 12:35:05
alive: evaluator_armA_turning_on_radio.log 12:36:05
alive: evaluator_armA_turning_on_radio.log 12:37:05
alive: evaluator_armA_turning_on_radio.log 12:38:06
alive: evaluator_armA_turning_on_radio.log 12:39:06
alive: evaluator_armA_turning_on_radio.log 12:40:06
alive: evaluator_armA_turning_on_radio.log 12:41:06
alive: evaluator_armA_turning_on_radio.log 12:42:06
alive: evaluator_armA_turning_on_radio.log 12:43:06
alive: evaluator_armA_turning_on_radio.log 12:44:06
alive: evaluator_armA_turning_on_radio.log 12:45:06
alive: evaluator_armA_turning_on_radio.log 12:46:06
alive: evaluator_armA_turning_on_radio.log 12:50:06
alive: evaluator_armA_turning_on_radio.log 12:51:06
alive: evaluator_armA_turning_on_radio.log 12:52:06
alive: evaluator_armA_turning_on_radio.log 12:53:06
alive: evaluator_armA_turning_on_radio.log 12:54:07
alive: evaluator_armA_turning_on_radio.log 12:58:07
alive: evaluator_armA_turning_on_radio.log 12:59:07
alive: evaluator_armA_turning_on_radio.log 13:00:07
alive: evaluator_armA_turning_on_radio.log 13:01:07
alive: evaluator_armA_turning_on_radio.log 13:02:07
alive: evaluator_armA_turning_on_radio.log 13:03:07
alive: evaluator_armA_turning_on_radio.log 13:07:08
alive: evaluator_armA_turning_on_radio.log 13:08:08
alive: evaluator_armA_turning_on_radio.log 13:09:08
alive: evaluator_armA_turning_on_radio.log 13:10:08
alive: evaluator_armA_turning_on_radio.log 13:11:08
alive: evaluator_armA_turning_on_radio.log 13:15:08
alive: evaluator_armA_turning_on_radio.log 13:16:08
alive: evaluator_armA_turning_on_radio.log 13:17:08
alive: evaluator_armA_turning_on_radio.log 13:18:09
alive: evaluator_armA_turning_on_radio.log 13:19:09
alive: evaluator_armA_turning_on_radio.log 13:20:09
alive: evaluator_armA_turning_on_radio.log 13:25:09
alive: evaluator_armA_turning_on_radio.log 13:26:09
alive: evaluator_armA_turning_on_radio.log 13:27:09
alive: evaluator_armA_turning_on_radio.log 13:28:09
alive: evaluator_armA_turning_on_radio.log 13:29:09
alive: evaluator_armA_turning_on_radio.log 13:30:09
alive: evaluator_armA_turning_on_radio.log 13:31:09
alive: evaluator_armA_turning_on_radio.log 13:32:09
alive: evaluator_armA_turning_on_radio.log 13:33:10
alive: evaluator_armA_turning_on_radio.log 13:34:10
alive: evaluator_armA_turning_on_radio.log 13:38:10
alive: evaluator_armA_turning_on_radio.log 13:39:10
alive: evaluator_armA_turning_on_radio.log 13:40:10
alive: evaluator_armA_turning_on_radio.log 13:41:10
alive: evaluator_armA_turning_on_radio.log 13:42:10
alive: evaluator_armA_turning_on_radio.log 13:47:10
alive: evaluator_armA_turning_on_radio.log 13:48:11
alive: evaluator_armA_turning_on_radio.log 13:49:11
alive: evaluator_armA_turning_on_radio.log 13:50:11
alive: evaluator_armA_turning_on_radio.log 13:51:11
alive: evaluator_armA_turning_on_radio.log 13:55:11
alive: evaluator_armA_turning_on_radio.log 13:56:11
alive: evaluator_armA_turning_on_radio.log 13:57:11
alive: evaluator_armA_turning_on_radio.log 13:58:11
alive: evaluator_armA_turning_on_radio.log 13:59:11
alive: evaluator_armA_turning_on_radio.log 14:03:12
alive: evaluator_armA_turning_on_radio.log 14:04:12
alive: evaluator_armA_turning_on_radio.log 14:05:12
alive: evaluator_armA_turning_on_radio.log 14:06:12
alive: evaluator_armA_turning_on_radio.log 14:07:12
alive: evaluator_armA_turning_on_radio.log 14:11:12
alive: evaluator_armA_turning_on_radio.log 14:12:12
alive: evaluator_armA_turning_on_radio.log 14:13:12
alive: evaluator_armA_turning_on_radio.log 14:14:12
alive: evaluator_armA_turning_on_radio.log 14:15:12
alive: evaluator_armA_turning_on_radio.log 14:16:12
alive: evaluator_armB_turning_on_radio.log 14:21:13
alive: evaluator_armB_turning_on_radio.log 14:22:13
alive: evaluator_armB_turning_on_radio.log 14:23:13
alive: evaluator_armB_turning_on_radio.log 14:24:13
alive: evaluator_armB_turning_on_radio.log 14:25:13
alive: evaluator_armB_turning_on_radio.log 14:26:13
alive: evaluator_armB_turning_on_radio.log 14:27:13
alive: evaluator_armB_turning_on_radio.log 14:28:13
alive: evaluator_armB_turning_on_radio.log 14:29:13
alive: evaluator_armB_turning_on_radio.log 14:30:13
alive: evaluator_armB_turning_on_radio.log 14:32:13
alive: evaluator_armB_turning_on_radio.log 14:33:13
alive: evaluator_armB_turning_on_radio.log 14:34:13
alive: evaluator_armB_turning_on_radio.log 14:35:13
alive: evaluator_armB_turning_on_radio.log 14:36:14
alive: evaluator_armB_turning_on_radio.log 14:37:14
alive: evaluator_armB_turning_on_radio.log 14:42:14
alive: evaluator_armB_turning_on_radio.log 14:43:14
alive: evaluator_armB_turning_on_radio.log 14:44:14
alive: evaluator_armB_turning_on_radio.log 14:45:14
alive: evaluator_armB_turning_on_radio.log 14:46:14
alive: evaluator_armB_turning_on_radio.log 14:47:14
alive: evaluator_armB_turning_on_radio.log 14:48:14
alive: evaluator_armB_turning_on_radio.log 14:49:14
alive: evaluator_armB_turning_on_radio.log 14:50:14
alive: evaluator_armB_turning_on_radio.log 14:51:15
alive: evaluator_armB_turning_on_radio.log 14:52:15
alive: evaluator_armB_turning_on_radio.log 14:53:15
alive: evaluator_armB_turning_on_radio.log 14:54:15
alive: evaluator_armB_turning_on_radio.log 14:58:15
alive: evaluator_armB_turning_on_radio.log 14:59:15
alive: evaluator_armB_turning_on_radio.log 15:00:15
alive: evaluator_armB_turning_on_radio.log 15:01:15
alive: evaluator_armB_turning_on_radio.log 15:02:16
alive: evaluator_armB_turning_on_radio.log 15:03:16
alive: evaluator_armB_turning_on_radio.log 15:07:16
alive: evaluator_armB_turning_on_radio.log 15:08:16
alive: evaluator_armB_turning_on_radio.log 15:09:16
alive: evaluator_armB_turning_on_radio.log 15:10:16
alive: evaluator_armB_turning_on_radio.log 15:11:16
alive: evaluator_armB_turning_on_radio.log 15:12:16
alive: evaluator_armB_turning_on_radio.log 15:13:16
alive: evaluator_armB_turning_on_radio.log 15:14:16
alive: evaluator_armB_turning_on_radio.log 15:15:16
alive: evaluator_armB_turning_on_radio.log 15:16:16
alive: evaluator_armB_turning_on_radio.log 15:17:17
alive: evaluator_armB_turning_on_radio.log 15:18:17
alive: evaluator_armB_turning_on_radio.log 15:19:17
alive: evaluator_armB_turning_on_radio.log 15:20:17
alive: evaluator_armB_turning_on_radio.log 15:21:17
alive: evaluator_armB_turning_on_radio.log 15:22:17
alive: evaluator_armB_turning_on_radio.log 15:23:17
alive: evaluator_armB_turning_on_radio.log 15:24:17
alive: evaluator_armB_turning_on_radio.log 15:28:17
alive: evaluator_armB_turning_on_radio.log 15:29:17
alive: evaluator_armB_turning_on_radio.log 15:30:17
alive: evaluator_armB_turning_on_radio.log 15:31:17
alive: evaluator_armB_turning_on_radio.log 15:32:17
alive: evaluator_armB_turning_on_radio.log 15:33:18
alive: evaluator_armB_turning_on_radio.log 15:37:18
alive: evaluator_armB_turning_on_radio.log 15:38:18
alive: evaluator_armB_turning_on_radio.log 15:39:18
alive: evaluator_armB_turning_on_radio.log 15:40:18
alive: evaluator_armB_turning_on_radio.log 15:41:18
alive: evaluator_armB_turning_on_radio.log 15:42:18
alive: evaluator_armB_turning_on_radio.log 15:43:18
alive: evaluator_armB_turning_on_radio.log 15:44:18
alive: evaluator_armB_turning_on_radio.log 15:45:18
alive: evaluator_armB_turning_on_radio.log 15:47:19
alive: evaluator_armB_turning_on_radio.log 15:48:19
alive: evaluator_armB_turning_on_radio.log 15:49:19
alive: evaluator_armB_turning_on_radio.log 15:50:19
alive: evaluator_armB_turning_on_radio.log 15:51:19
alive: evaluator_armB_turning_on_radio.log 15:52:19
alive: evaluator_armB_turning_on_radio.log 15:56:19
alive: evaluator_armB_turning_on_radio.log 15:57:19
alive: evaluator_armB_turning_on_radio.log 15:58:19
alive: evaluator_armB_turning_on_radio.log 15:59:19
alive: evaluator_armB_turning_on_radio.log 16:00:19
alive: evaluator_armB_turning_on_radio.log 16:04:20
alive: evaluator_armB_turning_on_radio.log 16:05:20
alive: evaluator_armB_turning_on_radio.log 16:06:20
alive: evaluator_armB_turning_on_radio.log 16:07:20
alive: evaluator_armB_turning_on_radio.log 16:08:20
alive: evaluator_armB_turning_on_radio.log 16:13:20
alive: evaluator_armB_turning_on_radio.log 16:14:20
alive: evaluator_armB_turning_on_radio.log 16:15:20
alive: evaluator_armB_turning_on_radio.log 16:16:20
alive: evaluator_armB_turning_on_radio.log 16:17:21
alive: evaluator_armB_turning_on_radio.log 16:18:21
alive: evaluator_armB_turning_on_radio.log 16:19:21
alive: evaluator_armB_turning_on_radio.log 16:20:21
alive: evaluator_armB_turning_on_radio.log 16:21:21
alive: evaluator_armB_turning_on_radio.log 16:22:21
STATUS EVAL_BLOCK_FAILED: CAP_HIT after 7 h 2026-10-09T16:22:38Z
=== chain start 2026-10-09T17:14:22Z
training ended: DONE 2026-10-09T09:22:03Z
checkpoints: /workspace/shot2/checkpoints/pi05_b1k_frozen_vlm/armA/5999 | /workspace/shot2/checkpoints/pi05_b1k_frozen_vlm_progress/armB/5999
=== first block: instances 10 11 12 13 14 15 16 17 18 2026-10-09T17:14:22Z
STATUS KILLED by signal
=== chain start 2026-10-09T17:14:55Z
training ended: DONE 2026-10-09T09:22:03Z
checkpoints: /workspace/shot2/checkpoints/pi05_b1k_frozen_vlm/armA/5999 | /workspace/shot2/checkpoints/pi05_b1k_frozen_vlm_progress/armB/5999
=== first block: instances 10 11 12 13 14 15 16 17 18 2026-10-09T17:14:55Z
alive: eval.log 17:15:55
alive: eval.log 17:16:55
alive: eval.log 17:17:55
alive: eval.log 17:18:55
alive: evaluator_armB_turning_on_radio.log 17:19:55
alive: evaluator_armB_turning_on_radio.log 17:20:56
alive: evaluator_armB_turning_on_radio.log 17:21:56
alive: evaluator_armB_turning_on_radio.log 17:22:56
alive: evaluator_armB_turning_on_radio.log 17:23:56
alive: evaluator_armB_turning_on_radio.log 17:24:56
alive: evaluator_armB_turning_on_radio.log 17:25:56
alive: evaluator_armB_turning_on_radio.log 17:26:56
alive: evaluator_armB_turning_on_radio.log 17:27:56
alive: evaluator_armB_turning_on_radio.log 17:28:56
alive: evaluator_armB_turning_on_radio.log 17:29:56
alive: evaluator_armB_turning_on_radio.log 17:30:56
alive: evaluator_armB_turning_on_radio.log 17:31:56
alive: evaluator_armB_turning_on_radio.log 17:32:56
alive: evaluator_armB_turning_on_radio.log 17:35:56
alive: evaluator_armB_turning_on_radio.log 17:36:56
alive: evaluator_armB_turning_on_radio.log 17:37:56
alive: evaluator_armB_turning_on_radio.log 17:38:56
alive: evaluator_armB_turning_on_radio.log 17:39:56
alive: evaluator_armB_turning_on_radio.log 17:40:57
alive: evaluator_armB_turning_on_radio.log 17:41:57
alive: evaluator_armB_turning_on_radio.log 17:42:57
alive: evaluator_armB_turning_on_radio.log 17:47:57
alive: evaluator_armB_turning_on_radio.log 17:48:57
alive: evaluator_armB_turning_on_radio.log 17:49:57
alive: evaluator_armB_turning_on_radio.log 17:50:57
alive: evaluator_armB_turning_on_radio.log 17:51:57
alive: evaluator_armB_turning_on_radio.log 17:52:57
alive: evaluator_armB_turning_on_radio.log 17:53:57
alive: evaluator_armB_turning_on_radio.log 17:54:57
alive: evaluator_armB_turning_on_radio.log 17:55:57
alive: evaluator_armB_turning_on_radio.log 17:56:57
alive: evaluator_armB_turning_on_radio.log 17:57:57
alive: evaluator_armB_turning_on_radio.log 17:58:57
alive: evaluator_armB_turning_on_radio.log 17:59:58
alive: evaluator_armB_turning_on_radio.log 18:00:58
alive: evaluator_armB_turning_on_radio.log 18:01:58
alive: evaluator_armB_turning_on_radio.log 18:02:58
alive: evaluator_armB_turning_on_radio.log 18:08:58
alive: evaluator_armB_turning_on_radio.log 18:09:58
alive: evaluator_armB_turning_on_radio.log 18:10:58
alive: evaluator_armB_turning_on_radio.log 18:11:58
alive: evaluator_armB_turning_on_radio.log 18:12:58
alive: evaluator_armB_turning_on_radio.log 18:13:58
alive: evaluator_armB_turning_on_radio.log 18:14:58
alive: evaluator_armB_turning_on_radio.log 18:15:58
alive: evaluator_armB_turning_on_radio.log 18:16:59
alive: evaluator_armB_turning_on_radio.log 18:17:59
alive: evaluator_armB_turning_on_radio.log 18:18:59
alive: evaluator_armB_turning_on_radio.log 18:19:59
alive: evaluator_armB_turning_on_radio.log 18:24:59
alive: evaluator_armB_turning_on_radio.log 18:25:59
alive: evaluator_armB_turning_on_radio.log 18:26:59
alive: evaluator_armB_turning_on_radio.log 18:27:59
alive: evaluator_armB_turning_on_radio.log 18:28:59
alive: evaluator_armB_turning_on_radio.log 18:33:59
alive: evaluator_armB_turning_on_radio.log 18:35:00
alive: evaluator_armB_turning_on_radio.log 18:36:00
alive: evaluator_armB_turning_on_radio.log 18:37:00
alive: evaluator_armB_turning_on_radio.log 18:38:00
alive: evaluator_armB_turning_on_radio.log 18:43:00
alive: evaluator_armB_turning_on_radio.log 18:44:00
alive: evaluator_armB_turning_on_radio.log 18:45:00
alive: evaluator_armB_turning_on_radio.log 18:46:00
alive: evaluator_armB_turning_on_radio.log 18:47:00
alive: evaluator_armB_turning_on_radio.log 18:51:01
alive: evaluator_armB_turning_on_radio.log 18:52:01
alive: evaluator_armB_turning_on_radio.log 18:53:01
alive: evaluator_armB_turning_on_radio.log 18:54:01
alive: evaluator_armB_turning_on_radio.log 18:55:01
alive: evaluator_armB_turning_on_radio.log 19:00:01
alive: evaluator_armB_turning_on_radio.log 19:01:01
alive: evaluator_armB_turning_on_radio.log 19:02:01
alive: evaluator_armB_turning_on_radio.log 19:03:01
alive: evaluator_armB_turning_on_radio.log 19:04:01
alive: evaluator_armB_turning_on_radio.log 19:05:01
alive: evaluator_armB_turning_on_radio.log 19:10:02
alive: evaluator_armB_turning_on_radio.log 19:11:02
alive: evaluator_armB_turning_on_radio.log 19:12:02
alive: evaluator_armB_turning_on_radio.log 19:13:02
alive: evaluator_armB_turning_on_radio.log 19:14:02
alive: evaluator_armB_turning_on_radio.log 19:19:02
alive: evaluator_armB_turning_on_radio.log 19:20:02
alive: evaluator_armB_turning_on_radio.log 19:21:02
alive: evaluator_armB_turning_on_radio.log 19:22:02
alive: evaluator_armB_turning_on_radio.log 19:23:02
alive: evaluator_armB_turning_on_radio.log 19:24:03
alive: evaluator_armB_turning_on_radio.log 19:25:03
alive: evaluator_armB_turning_on_radio.log 19:26:03
alive: evaluator_armB_turning_on_radio.log 19:27:03
alive: evaluator_armB_turning_on_radio.log 19:28:03
alive: evaluator_armB_turning_on_radio.log 19:33:03
alive: evaluator_armB_turning_on_radio.log 19:34:03
alive: evaluator_armB_turning_on_radio.log 19:35:03
alive: evaluator_armB_turning_on_radio.log 19:36:03
alive: evaluator_armB_turning_on_radio.log 19:37:03
alive: evaluator_armB_turning_on_radio.log 19:42:04
alive: evaluator_armB_turning_on_radio.log 19:43:04
alive: evaluator_armB_turning_on_radio.log 19:44:04
alive: evaluator_armB_turning_on_radio.log 19:45:04
alive: evaluator_armB_turning_on_radio.log 19:46:04
alive: evaluator_armB_turning_on_radio.log 19:50:04
alive: evaluator_armB_turning_on_radio.log 19:51:04
alive: evaluator_armB_turning_on_radio.log 19:52:04
alive: evaluator_armB_turning_on_radio.log 19:53:04
alive: evaluator_armB_turning_on_radio.log 19:54:04
alive: evaluator_armB_turning_on_radio.log 19:59:04
alive: evaluator_armB_turning_on_radio.log 20:00:05
alive: evaluator_armB_turning_on_radio.log 20:01:05
alive: evaluator_armB_turning_on_radio.log 20:02:05
alive: evaluator_armB_turning_on_radio.log 20:03:05
alive: evaluator_armB_turning_on_radio.log 20:07:05
first block: arm A 11/36, arm B 14/36 successes
=== full run 2026-10-09T20:07:48Z
alive: eval.log 20:08:05
alive: eval.log 20:09:05
alive: eval.log 20:10:05
alive: eval.log 20:11:05
alive: evaluator_armA_turning_on_radio.log 20:12:05
alive: evaluator_armA_turning_on_radio.log 20:13:05
alive: evaluator_armA_turning_on_radio.log 20:14:05
alive: evaluator_armA_turning_on_radio.log 20:15:05
alive: evaluator_armA_turning_on_radio.log 20:16:05
alive: evaluator_armA_turning_on_radio.log 20:17:05
alive: evaluator_armA_turning_on_radio.log 20:18:05
alive: evaluator_armA_turning_on_radio.log 20:19:06
alive: evaluator_armA_turning_on_radio.log 20:20:06
alive: evaluator_armA_turning_on_radio.log 20:21:06
alive: evaluator_armA_turning_on_radio.log 20:22:06
alive: evaluator_armA_turning_on_radio.log 20:23:06
alive: evaluator_armA_turning_on_radio.log 20:24:06
alive: evaluator_armA_turning_on_radio.log 20:29:07
alive: evaluator_armA_turning_on_radio.log 20:30:07
alive: evaluator_armA_turning_on_radio.log 20:31:07
alive: evaluator_armA_turning_on_radio.log 20:32:07
alive: evaluator_armA_turning_on_radio.log 20:33:07
alive: evaluator_armA_turning_on_radio.log 20:34:07
alive: evaluator_armA_turning_on_radio.log 20:38:07
alive: evaluator_armA_turning_on_radio.log 20:39:07
alive: evaluator_armA_turning_on_radio.log 20:40:07
alive: evaluator_armA_turning_on_radio.log 20:41:07
alive: evaluator_armA_turning_on_radio.log 20:42:07
alive: evaluator_armA_turning_on_radio.log 20:43:07
alive: evaluator_armA_turning_on_radio.log 20:47:07
alive: evaluator_armA_turning_on_radio.log 20:48:08
alive: evaluator_armA_turning_on_radio.log 20:49:08
alive: evaluator_armA_turning_on_radio.log 20:50:08
alive: evaluator_armA_turning_on_radio.log 20:51:08
alive: evaluator_armA_turning_on_radio.log 20:56:08
alive: evaluator_armA_turning_on_radio.log 20:57:08
alive: evaluator_armA_turning_on_radio.log 20:58:08
alive: evaluator_armA_turning_on_radio.log 20:59:08
alive: evaluator_armA_turning_on_radio.log 21:00:08
alive: evaluator_armA_turning_on_radio.log 21:05:08
alive: evaluator_armA_turning_on_radio.log 21:06:09
alive: evaluator_armA_turning_on_radio.log 21:07:09
alive: evaluator_armA_turning_on_radio.log 21:08:09
alive: evaluator_armA_turning_on_radio.log 21:09:09
alive: evaluator_armA_turning_on_radio.log 21:13:09
alive: evaluator_armA_turning_on_radio.log 21:14:09
alive: evaluator_armA_turning_on_radio.log 21:15:09
alive: evaluator_armA_turning_on_radio.log 21:16:09
alive: evaluator_armA_turning_on_radio.log 21:17:09
alive: evaluator_armA_turning_on_radio.log 21:22:09
alive: evaluator_armA_turning_on_radio.log 21:23:09
alive: evaluator_armA_turning_on_radio.log 21:24:10
alive: evaluator_armA_turning_on_radio.log 21:25:10
alive: evaluator_armA_turning_on_radio.log 21:26:10
alive: evaluator_armA_turning_on_radio.log 21:31:10
alive: evaluator_armA_turning_on_radio.log 21:32:10
alive: evaluator_armA_turning_on_radio.log 21:33:10
alive: evaluator_armA_turning_on_radio.log 21:34:10
alive: evaluator_armA_turning_on_radio.log 21:35:10
alive: evaluator_armA_turning_on_radio.log 21:36:10
alive: evaluator_armA_turning_on_radio.log 21:37:10
alive: evaluator_armA_turning_on_radio.log 21:38:10
alive: evaluator_armA_turning_on_radio.log 21:43:11
alive: evaluator_armA_turning_on_radio.log 21:44:11
alive: evaluator_armA_turning_on_radio.log 21:45:11
alive: evaluator_armA_turning_on_radio.log 21:46:11
alive: evaluator_armA_turning_on_radio.log 21:47:11
alive: evaluator_armA_turning_on_radio.log 21:51:11
alive: evaluator_armA_turning_on_radio.log 21:52:11
alive: evaluator_armA_turning_on_radio.log 21:53:11
alive: evaluator_armA_turning_on_radio.log 21:54:11
alive: evaluator_armA_turning_on_radio.log 21:55:11
alive: evaluator_armA_turning_on_radio.log 21:56:11
alive: evaluator_armA_turning_on_radio.log 21:57:12
alive: evaluator_armA_turning_on_radio.log 21:58:12
alive: evaluator_armA_turning_on_radio.log 21:59:12
alive: evaluator_armA_turning_on_radio.log 22:03:12
alive: evaluator_armA_turning_on_radio.log 22:04:12
alive: evaluator_armA_turning_on_radio.log 22:05:12
alive: evaluator_armA_turning_on_radio.log 22:06:12
alive: evaluator_armA_turning_on_radio.log 22:07:12
alive: evaluator_armA_turning_on_radio.log 22:11:13
alive: evaluator_armA_turning_on_radio.log 22:12:13
alive: evaluator_armA_turning_on_radio.log 22:13:13
alive: evaluator_armA_turning_on_radio.log 22:14:13
alive: evaluator_armA_turning_on_radio.log 22:15:13
alive: evaluator_armA_turning_on_radio.log 22:20:13
alive: evaluator_armA_turning_on_radio.log 22:21:13
alive: evaluator_armA_turning_on_radio.log 22:22:13
alive: evaluator_armA_turning_on_radio.log 22:23:13
alive: evaluator_armA_turning_on_radio.log 22:24:13
alive: evaluator_armA_turning_on_radio.log 22:26:13
alive: evaluator_armA_turning_on_radio.log 22:27:13
alive: evaluator_armA_turning_on_radio.log 22:28:13
alive: evaluator_armA_turning_on_radio.log 22:29:13
alive: evaluator_armA_turning_on_radio.log 22:30:14
alive: evaluator_armA_turning_on_radio.log 22:31:14
alive: evaluator_armA_turning_on_radio.log 22:35:14
alive: evaluator_armA_turning_on_radio.log 22:36:14
alive: evaluator_armA_turning_on_radio.log 22:37:14
alive: evaluator_armA_turning_on_radio.log 22:38:14
alive: evaluator_armA_turning_on_radio.log 22:39:14
alive: evaluator_armA_turning_on_radio.log 22:40:14
alive: evaluator_armA_turning_on_radio.log 22:41:14
alive: evaluator_armA_turning_on_radio.log 22:42:14
alive: evaluator_armA_turning_on_radio.log 22:43:14
alive: evaluator_armA_turning_on_radio.log 22:44:14
alive: evaluator_armA_turning_on_radio.log 22:45:14
alive: evaluator_armA_turning_on_radio.log 22:46:14
alive: evaluator_armA_turning_on_radio.log 22:47:14
alive: evaluator_armA_turning_on_radio.log 22:48:14
alive: evaluator_armA_turning_on_radio.log 22:49:15
alive: evaluator_armA_turning_on_radio.log 22:54:15
alive: evaluator_armA_turning_on_radio.log 22:55:15
alive: evaluator_armA_turning_on_radio.log 22:56:15
alive: evaluator_armA_turning_on_radio.log 22:57:15
alive: evaluator_armA_turning_on_radio.log 22:58:15
alive: evaluator_armA_turning_on_radio.log 22:59:15
alive: evaluator_armA_turning_on_radio.log 23:00:15
alive: evaluator_armA_turning_on_radio.log 23:01:15
alive: evaluator_armA_turning_on_radio.log 23:02:15
alive: evaluator_armA_turning_on_radio.log 23:03:15
alive: evaluator_armA_turning_on_radio.log 23:04:15
alive: evaluator_armA_turning_on_radio.log 23:05:15
alive: evaluator_armA_turning_on_radio.log 23:06:16
alive: evaluator_armA_turning_on_radio.log 23:07:16
alive: evaluator_armA_turning_on_radio.log 23:08:16
alive: evaluator_armA_turning_on_radio.log 23:09:16
alive: evaluator_armA_turning_on_radio.log 23:14:16
alive: evaluator_armA_turning_on_radio.log 23:15:16
alive: evaluator_armA_turning_on_radio.log 23:16:16
alive: evaluator_armA_turning_on_radio.log 23:17:16
alive: evaluator_armA_turning_on_radio.log 23:18:16
alive: evaluator_armA_turning_on_radio.log 23:19:16
alive: evaluator_armA_turning_on_radio.log 23:23:17
alive: evaluator_armA_turning_on_radio.log 23:24:17
alive: evaluator_armA_turning_on_radio.log 23:25:17
alive: evaluator_armA_turning_on_radio.log 23:26:17
alive: evaluator_armA_turning_on_radio.log 23:27:17
alive: evaluator_armA_turning_on_radio.log 23:31:17
alive: evaluator_armA_turning_on_radio.log 23:32:17
alive: evaluator_armA_turning_on_radio.log 23:33:17
alive: evaluator_armA_turning_on_radio.log 23:34:17
alive: evaluator_armA_turning_on_radio.log 23:35:17
alive: evaluator_armA_turning_on_radio.log 23:36:18
alive: evaluator_armA_turning_on_radio.log 23:40:18
alive: evaluator_armA_turning_on_radio.log 23:41:18
alive: evaluator_armA_turning_on_radio.log 23:42:18
alive: evaluator_armA_turning_on_radio.log 23:43:18
alive: evaluator_armA_turning_on_radio.log 23:44:18
alive: evaluator_armA_turning_on_radio.log 23:49:18
alive: evaluator_armA_turning_on_radio.log 23:50:18
alive: evaluator_armA_turning_on_radio.log 23:51:18
alive: evaluator_armA_turning_on_radio.log 23:52:18
alive: evaluator_armA_turning_on_radio.log 23:53:18
alive: evaluator_armA_turning_on_radio.log 23:55:19
alive: evaluator_armA_turning_on_radio.log 23:56:19
alive: evaluator_armA_turning_on_radio.log 23:57:19
alive: evaluator_armA_turning_on_radio.log 23:58:19
alive: evaluator_armA_turning_on_radio.log 23:59:19
alive: evaluator_armA_turning_on_radio.log 00:03:19
alive: evaluator_armA_turning_on_radio.log 00:04:19
alive: evaluator_armA_turning_on_radio.log 00:05:19
alive: evaluator_armA_turning_on_radio.log 00:06:19
alive: evaluator_armA_turning_on_radio.log 00:07:19
alive: evaluator_armA_turning_on_radio.log 00:12:20
alive: evaluator_armA_turning_on_radio.log 00:13:20
alive: evaluator_armA_turning_on_radio.log 00:14:20
alive: evaluator_armA_turning_on_radio.log 00:15:20
alive: evaluator_armA_turning_on_radio.log 00:16:20
alive: evaluator_armA_turning_on_radio.log 00:20:20
alive: evaluator_armA_turning_on_radio.log 00:21:20
alive: evaluator_armA_turning_on_radio.log 00:22:20
alive: evaluator_armA_turning_on_radio.log 00:23:20
alive: evaluator_armA_turning_on_radio.log 00:24:20
alive: evaluator_armA_turning_on_radio.log 00:25:20
alive: evaluator_armA_turning_on_radio.log 00:26:21
alive: evaluator_armA_turning_on_radio.log 00:27:21
alive: evaluator_armA_turning_on_radio.log 00:28:21
alive: evaluator_armA_turning_on_radio.log 00:29:21
alive: evaluator_armA_turning_on_radio.log 00:30:21
alive: evaluator_armA_turning_on_radio.log 00:31:21
alive: evaluator_armA_turning_on_radio.log 00:32:21
alive: evaluator_armA_turning_on_radio.log 00:33:21
alive: evaluator_armA_turning_on_radio.log 00:34:21
alive: evaluator_armA_turning_on_radio.log 00:35:21
alive: evaluator_armA_turning_on_radio.log 00:36:21
alive: evaluator_armA_turning_on_radio.log 00:37:21
alive: evaluator_armA_turning_on_radio.log 00:38:21
alive: evaluator_armA_turning_on_radio.log 00:39:21
alive: evaluator_armA_turning_on_radio.log 00:40:21
alive: evaluator_armA_turning_on_radio.log 00:41:21
alive: evaluator_armA_turning_on_radio.log 00:42:21
alive: evaluator_armA_turning_on_radio.log 00:43:22
alive: evaluator_armA_turning_on_radio.log 00:44:22
alive: evaluator_armA_turning_on_radio.log 00:45:22
alive: evaluator_armA_turning_on_radio.log 00:46:22
alive: evaluator_armA_turning_on_radio.log 00:47:22
alive: evaluator_armA_turning_on_radio.log 00:48:22
alive: evaluator_armA_turning_on_radio.log 00:49:22
alive: evaluator_armA_turning_on_radio.log 00:50:22
alive: evaluator_armA_turning_on_radio.log 00:51:22
alive: evaluator_armA_turning_on_radio.log 00:52:22
alive: evaluator_armA_turning_on_radio.log 00:53:22
alive: evaluator_armA_turning_on_radio.log 00:54:22
alive: evaluator_armA_turning_on_radio.log 00:55:22
alive: evaluator_armA_turning_on_radio.log 01:00:23
alive: evaluator_armA_turning_on_radio.log 01:01:23
alive: evaluator_armA_turning_on_radio.log 01:02:23
alive: evaluator_armA_turning_on_radio.log 01:03:23
alive: evaluator_armA_turning_on_radio.log 01:04:23
alive: evaluator_armA_turning_on_radio.log 01:09:23
alive: evaluator_armA_turning_on_radio.log 01:10:23
alive: evaluator_armA_turning_on_radio.log 01:11:23
alive: evaluator_armA_turning_on_radio.log 01:12:23
alive: evaluator_armA_turning_on_radio.log 01:13:23
alive: evaluator_armA_turning_on_radio.log 01:14:23
alive: evaluator_armA_turning_on_radio.log 01:15:23
alive: evaluator_armA_turning_on_radio.log 01:16:23
alive: evaluator_armA_turning_on_radio.log 01:21:24
alive: evaluator_armA_turning_on_radio.log 01:22:24
alive: evaluator_armA_turning_on_radio.log 01:23:24
alive: evaluator_armA_turning_on_radio.log 01:24:24
alive: evaluator_armA_turning_on_radio.log 01:25:24
alive: evaluator_armA_turning_on_radio.log 01:27:24
alive: evaluator_armA_turning_on_radio.log 01:28:24
alive: evaluator_armA_turning_on_radio.log 01:29:24
alive: evaluator_armA_turning_on_radio.log 01:30:24
alive: evaluator_armA_turning_on_radio.log 01:31:24
alive: evaluator_armA_turning_on_radio.log 01:32:24
alive: evaluator_armA_turning_on_radio.log 01:33:25
alive: evaluator_armA_turning_on_radio.log 01:34:25
alive: evaluator_armA_turning_on_radio.log 01:35:25
alive: evaluator_armA_turning_on_radio.log 01:39:25
alive: evaluator_armA_turning_on_radio.log 01:40:25
alive: evaluator_armA_turning_on_radio.log 01:41:25
alive: evaluator_armA_turning_on_radio.log 01:42:25
alive: evaluator_armA_turning_on_radio.log 01:43:25
alive: evaluator_armA_turning_on_radio.log 01:48:25
alive: evaluator_armA_turning_on_radio.log 01:49:25
alive: evaluator_armA_turning_on_radio.log 01:50:25
alive: evaluator_armA_turning_on_radio.log 01:51:26
alive: evaluator_armA_turning_on_radio.log 01:52:26
alive: evaluator_armA_turning_on_radio.log 01:57:26
alive: evaluator_armA_turning_on_radio.log 01:58:26
alive: evaluator_armA_turning_on_radio.log 01:59:26
alive: evaluator_armA_turning_on_radio.log 02:00:26
alive: evaluator_armA_turning_on_radio.log 02:01:26
alive: evaluator_armA_turning_on_radio.log 02:05:26
alive: evaluator_armA_turning_on_radio.log 02:06:26
alive: evaluator_armA_turning_on_radio.log 02:07:26
alive: evaluator_armA_turning_on_radio.log 02:08:26
alive: evaluator_armA_turning_on_radio.log 02:09:26
alive: evaluator_armA_turning_on_radio.log 02:14:27
alive: evaluator_armA_turning_on_radio.log 02:15:27
alive: evaluator_armA_turning_on_radio.log 02:16:27
alive: evaluator_armA_turning_on_radio.log 02:17:27
alive: evaluator_armA_turning_on_radio.log 02:18:27
alive: evaluator_armA_turning_on_radio.log 02:22:27
alive: evaluator_armA_turning_on_radio.log 02:23:27
alive: evaluator_armA_turning_on_radio.log 02:24:27
alive: evaluator_armA_turning_on_radio.log 02:25:27
alive: evaluator_armA_turning_on_radio.log 02:26:27
alive: evaluator_armA_turning_on_radio.log 02:27:27
alive: evaluator_armA_turning_on_radio.log 02:31:28
alive: evaluator_armA_turning_on_radio.log 02:32:28
alive: evaluator_armA_turning_on_radio.log 02:33:28
alive: evaluator_armA_turning_on_radio.log 02:34:28
alive: evaluator_armA_turning_on_radio.log 02:35:28
alive: evaluator_armA_turning_on_radio.log 02:40:28
alive: evaluator_armA_turning_on_radio.log 02:41:28
alive: evaluator_armA_turning_on_radio.log 02:42:28
alive: evaluator_armA_turning_on_radio.log 02:43:28
alive: evaluator_armA_turning_on_radio.log 02:44:28
alive: evaluator_armA_turning_on_radio.log 02:49:28
alive: evaluator_armA_turning_on_radio.log 02:50:29
alive: evaluator_armA_turning_on_radio.log 02:51:29
alive: evaluator_armA_turning_on_radio.log 02:52:29
alive: evaluator_armA_turning_on_radio.log 02:53:29
alive: evaluator_armA_turning_on_radio.log 02:57:29
alive: evaluator_armA_turning_on_radio.log 02:58:29
alive: evaluator_armA_turning_on_radio.log 02:59:29
alive: evaluator_armA_turning_on_radio.log 03:00:29
alive: evaluator_armA_turning_on_radio.log 03:01:29
alive: evaluator_armA_turning_on_radio.log 03:02:29
alive: evaluator_armA_turning_on_radio.log 03:06:30
alive: evaluator_armA_turning_on_radio.log 03:07:30
alive: evaluator_armA_turning_on_radio.log 03:08:30
alive: evaluator_armA_turning_on_radio.log 03:09:30
alive: evaluator_armA_turning_on_radio.log 03:10:30
alive: evaluator_armA_turning_on_radio.log 03:14:30
alive: evaluator_armA_turning_on_radio.log 03:15:30
alive: evaluator_armA_turning_on_radio.log 03:16:30
alive: evaluator_armA_turning_on_radio.log 03:17:30
alive: evaluator_armA_turning_on_radio.log 03:18:30
alive: evaluator_armA_turning_on_radio.log 03:23:31
alive: evaluator_armA_turning_on_radio.log 03:24:31
alive: evaluator_armA_turning_on_radio.log 03:25:31
alive: evaluator_armA_turning_on_radio.log 03:26:31
alive: evaluator_armA_turning_on_radio.log 03:27:31
alive: evaluator_armA_turning_on_radio.log 03:31:31
alive: evaluator_armA_turning_on_radio.log 03:32:31
alive: evaluator_armA_turning_on_radio.log 03:33:31
alive: evaluator_armA_turning_on_radio.log 03:34:31
alive: evaluator_armA_turning_on_radio.log 03:35:31
alive: evaluator_armA_turning_on_radio.log 03:36:31
alive: evaluator_armA_turning_on_radio.log 03:40:31
alive: evaluator_armA_turning_on_radio.log 03:41:31
alive: evaluator_armA_turning_on_radio.log 03:42:31
alive: evaluator_armA_turning_on_radio.log 03:43:32
alive: evaluator_armA_turning_on_radio.log 03:44:32
alive: evaluator_armA_turning_on_radio.log 03:49:32
alive: evaluator_armA_turning_on_radio.log 03:50:32
alive: evaluator_armA_turning_on_radio.log 03:51:32
alive: evaluator_armA_turning_on_radio.log 03:52:32
alive: evaluator_armA_turning_on_radio.log 03:53:32
alive: evaluator_armA_turning_on_radio.log 03:57:32
alive: evaluator_armA_turning_on_radio.log 03:58:32
alive: evaluator_armA_turning_on_radio.log 03:59:32
alive: evaluator_armA_turning_on_radio.log 04:00:33
alive: evaluator_armA_turning_on_radio.log 04:01:33
alive: evaluator_armA_turning_on_radio.log 04:05:33
alive: evaluator_armA_turning_on_radio.log 04:06:33
alive: evaluator_armA_turning_on_radio.log 04:07:33
alive: evaluator_armA_turning_on_radio.log 04:08:33
alive: evaluator_armA_turning_on_radio.log 04:09:33
alive: evaluator_armA_turning_on_radio.log 04:10:33
alive: evaluator_armA_turning_on_radio.log 04:11:33
alive: evaluator_armA_turning_on_radio.log 04:12:33
alive: evaluator_armA_turning_on_radio.log 04:13:33
alive: evaluator_armA_turning_on_radio.log 04:14:33
alive: evaluator_armA_turning_on_radio.log 04:15:33
alive: evaluator_armA_turning_on_radio.log 04:16:34
alive: evaluator_armA_turning_on_radio.log 04:17:34
alive: evaluator_armA_turning_on_radio.log 04:18:34
alive: evaluator_armA_turning_on_radio.log 04:19:34
alive: evaluator_armA_turning_on_radio.log 04:20:34
alive: evaluator_armA_turning_on_radio.log 04:21:34
alive: evaluator_armA_turning_on_radio.log 04:22:34
alive: evaluator_armA_turning_on_radio.log 04:23:34
alive: evaluator_armA_turning_on_radio.log 04:24:34
alive: evaluator_armA_turning_on_radio.log 04:25:34
alive: evaluator_armA_turning_on_radio.log 04:30:35
alive: evaluator_armA_turning_on_radio.log 04:31:35
alive: evaluator_armA_turning_on_radio.log 04:32:35
alive: evaluator_armA_turning_on_radio.log 04:33:35
alive: evaluator_armA_turning_on_radio.log 04:34:35
alive: evaluator_armA_turning_on_radio.log 04:39:35
alive: evaluator_armA_turning_on_radio.log 04:40:35
alive: evaluator_armA_turning_on_radio.log 04:41:35
alive: evaluator_armA_turning_on_radio.log 04:42:35
alive: evaluator_armA_turning_on_radio.log 04:43:35
alive: evaluator_armA_turning_on_radio.log 04:47:35
alive: evaluator_armA_turning_on_radio.log 04:48:35
alive: evaluator_armA_turning_on_radio.log 04:49:35
alive: evaluator_armA_turning_on_radio.log 04:50:35
alive: evaluator_armA_turning_on_radio.log 04:51:36
alive: eval.log 04:55:36
alive: eval.log 04:56:36
alive: evaluator_armB_turning_on_radio.log 04:57:36
alive: evaluator_armB_turning_on_radio.log 04:58:36
alive: evaluator_armB_turning_on_radio.log 04:59:36
alive: evaluator_armB_turning_on_radio.log 05:00:36
alive: evaluator_armB_turning_on_radio.log 05:01:36
alive: evaluator_armB_turning_on_radio.log 05:02:36
alive: evaluator_armB_turning_on_radio.log 05:03:36
alive: evaluator_armB_turning_on_radio.log 05:04:36
alive: evaluator_armB_turning_on_radio.log 05:05:36
alive: evaluator_armB_turning_on_radio.log 05:06:36
alive: evaluator_armB_turning_on_radio.log 05:07:36
alive: evaluator_armB_turning_on_radio.log 05:08:36
alive: evaluator_armB_turning_on_radio.log 05:09:36
alive: evaluator_armB_turning_on_radio.log 05:10:36
alive: evaluator_armB_turning_on_radio.log 05:11:36
alive: evaluator_armB_turning_on_radio.log 05:12:36
alive: evaluator_armB_turning_on_radio.log 05:13:37
alive: evaluator_armB_turning_on_radio.log 05:16:37
alive: evaluator_armB_turning_on_radio.log 05:17:37
alive: evaluator_armB_turning_on_radio.log 05:18:37
alive: evaluator_armB_turning_on_radio.log 05:19:37
alive: evaluator_armB_turning_on_radio.log 05:20:37
alive: evaluator_armB_turning_on_radio.log 05:21:37
alive: evaluator_armB_turning_on_radio.log 05:22:37
alive: evaluator_armB_turning_on_radio.log 05:23:37
alive: evaluator_armB_turning_on_radio.log 05:27:37
alive: evaluator_armB_turning_on_radio.log 05:28:37
alive: evaluator_armB_turning_on_radio.log 05:29:37
alive: evaluator_armB_turning_on_radio.log 05:30:37
alive: evaluator_armB_turning_on_radio.log 05:31:37
alive: evaluator_armB_turning_on_radio.log 05:34:38
alive: evaluator_armB_turning_on_radio.log 05:35:38
alive: evaluator_armB_turning_on_radio.log 05:36:38
alive: evaluator_armB_turning_on_radio.log 05:37:38
alive: evaluator_armB_turning_on_radio.log 05:38:38
alive: evaluator_armB_turning_on_radio.log 05:41:39
alive: evaluator_armB_turning_on_radio.log 05:42:39
alive: evaluator_armB_turning_on_radio.log 05:43:39
alive: evaluator_armB_turning_on_radio.log 05:44:39
alive: evaluator_armB_turning_on_radio.log 05:45:39
alive: evaluator_armB_turning_on_radio.log 05:48:39
alive: evaluator_armB_turning_on_radio.log 05:49:39
alive: evaluator_armB_turning_on_radio.log 05:50:39
alive: evaluator_armB_turning_on_radio.log 05:51:39
alive: evaluator_armB_turning_on_radio.log 05:52:39
alive: evaluator_armB_turning_on_radio.log 05:56:39
alive: evaluator_armB_turning_on_radio.log 05:57:39
alive: evaluator_armB_turning_on_radio.log 05:58:39
alive: evaluator_armB_turning_on_radio.log 05:59:39
alive: evaluator_armB_turning_on_radio.log 06:00:39
alive: evaluator_armB_turning_on_radio.log 06:03:40
alive: evaluator_armB_turning_on_radio.log 06:04:40
alive: evaluator_armB_turning_on_radio.log 06:05:40
alive: evaluator_armB_turning_on_radio.log 06:06:40
alive: evaluator_armB_turning_on_radio.log 06:07:40
alive: evaluator_armB_turning_on_radio.log 06:08:40
alive: evaluator_armB_turning_on_radio.log 06:09:40
alive: evaluator_armB_turning_on_radio.log 06:10:40
alive: evaluator_armB_turning_on_radio.log 06:11:40
alive: evaluator_armB_turning_on_radio.log 06:12:40
alive: evaluator_armB_turning_on_radio.log 06:15:40
alive: evaluator_armB_turning_on_radio.log 06:16:40
alive: evaluator_armB_turning_on_radio.log 06:17:40
alive: evaluator_armB_turning_on_radio.log 06:18:40
alive: evaluator_armB_turning_on_radio.log 06:19:40
alive: evaluator_armB_turning_on_radio.log 06:20:40
alive: evaluator_armB_turning_on_radio.log 06:21:40
alive: evaluator_armB_turning_on_radio.log 06:22:40
alive: evaluator_armB_turning_on_radio.log 06:23:41
alive: evaluator_armB_turning_on_radio.log 06:24:41
alive: evaluator_armB_turning_on_radio.log 06:26:41
alive: evaluator_armB_turning_on_radio.log 06:27:41
alive: evaluator_armB_turning_on_radio.log 06:28:41
alive: evaluator_armB_turning_on_radio.log 06:29:41
alive: evaluator_armB_turning_on_radio.log 06:30:41
alive: evaluator_armB_turning_on_radio.log 06:31:41
alive: evaluator_armB_turning_on_radio.log 06:32:41
alive: evaluator_armB_turning_on_radio.log 06:33:41
alive: evaluator_armB_turning_on_radio.log 06:34:41
alive: evaluator_armB_turning_on_radio.log 06:35:41
alive: evaluator_armB_turning_on_radio.log 06:38:41
alive: evaluator_armB_turning_on_radio.log 06:39:41
alive: evaluator_armB_turning_on_radio.log 06:40:41
alive: evaluator_armB_turning_on_radio.log 06:41:41
alive: evaluator_armB_turning_on_radio.log 06:42:42
alive: evaluator_armB_turning_on_radio.log 06:43:42
alive: evaluator_armB_turning_on_radio.log 06:44:42
alive: evaluator_armB_turning_on_radio.log 06:45:42
alive: evaluator_armB_turning_on_radio.log 06:46:42
alive: evaluator_armB_turning_on_radio.log 06:47:42
alive: evaluator_armB_turning_on_radio.log 06:51:42
alive: evaluator_armB_turning_on_radio.log 06:52:42
alive: evaluator_armB_turning_on_radio.log 06:53:42
alive: evaluator_armB_turning_on_radio.log 06:54:42
alive: evaluator_armB_turning_on_radio.log 06:55:42
alive: evaluator_armB_turning_on_radio.log 06:59:42
alive: evaluator_armB_turning_on_radio.log 07:00:42
alive: evaluator_armB_turning_on_radio.log 07:01:42
alive: evaluator_armB_turning_on_radio.log 07:02:43
alive: evaluator_armB_turning_on_radio.log 07:03:43
alive: evaluator_armB_turning_on_radio.log 07:05:43
alive: evaluator_armB_turning_on_radio.log 07:06:43
alive: evaluator_armB_turning_on_radio.log 07:07:43
alive: evaluator_armB_turning_on_radio.log 07:08:43
alive: evaluator_armB_turning_on_radio.log 07:09:43
alive: evaluator_armB_turning_on_radio.log 07:10:43
alive: evaluator_armB_turning_on_radio.log 07:11:43
alive: evaluator_armB_turning_on_radio.log 07:12:43
alive: evaluator_armB_turning_on_radio.log 07:13:43
alive: evaluator_armB_turning_on_radio.log 07:14:44
alive: evaluator_armB_turning_on_radio.log 07:15:44
alive: evaluator_armB_turning_on_radio.log 07:16:44
alive: evaluator_armB_turning_on_radio.log 07:17:44
alive: evaluator_armB_turning_on_radio.log 07:18:44
alive: evaluator_armB_turning_on_radio.log 07:19:44
alive: evaluator_armB_turning_on_radio.log 07:20:44
alive: evaluator_armB_turning_on_radio.log 07:21:44
alive: evaluator_armB_turning_on_radio.log 07:22:44
alive: evaluator_armB_turning_on_radio.log 07:23:44
alive: evaluator_armB_turning_on_radio.log 07:24:44
alive: evaluator_armB_turning_on_radio.log 07:28:44
alive: evaluator_armB_turning_on_radio.log 07:29:44
alive: evaluator_armB_turning_on_radio.log 07:30:44
alive: evaluator_armB_turning_on_radio.log 07:31:45
alive: evaluator_armB_turning_on_radio.log 07:32:45
alive: evaluator_armB_turning_on_radio.log 07:36:45
alive: evaluator_armB_turning_on_radio.log 07:37:45
alive: evaluator_armB_turning_on_radio.log 07:38:45
alive: evaluator_armB_turning_on_radio.log 07:39:45
alive: evaluator_armB_turning_on_radio.log 07:40:45
alive: evaluator_armB_turning_on_radio.log 07:44:45
alive: evaluator_armB_turning_on_radio.log 07:45:45
alive: evaluator_armB_turning_on_radio.log 07:46:45
alive: evaluator_armB_turning_on_radio.log 07:47:45
alive: evaluator_armB_turning_on_radio.log 07:48:45
alive: evaluator_armB_turning_on_radio.log 07:52:46
alive: evaluator_armB_turning_on_radio.log 07:53:46
alive: evaluator_armB_turning_on_radio.log 07:54:46
alive: evaluator_armB_turning_on_radio.log 07:55:46
alive: evaluator_armB_turning_on_radio.log 07:56:46
alive: evaluator_armB_turning_on_radio.log 07:59:46
alive: evaluator_armB_turning_on_radio.log 08:00:46
alive: evaluator_armB_turning_on_radio.log 08:01:46
alive: evaluator_armB_turning_on_radio.log 08:02:46
alive: evaluator_armB_turning_on_radio.log 08:03:46
alive: evaluator_armB_turning_on_radio.log 08:06:46
alive: evaluator_armB_turning_on_radio.log 08:07:46
alive: evaluator_armB_turning_on_radio.log 08:08:46
alive: evaluator_armB_turning_on_radio.log 08:09:46
alive: evaluator_armB_turning_on_radio.log 08:10:46
alive: evaluator_armB_turning_on_radio.log 08:13:47
alive: evaluator_armB_turning_on_radio.log 08:14:47
alive: evaluator_armB_turning_on_radio.log 08:15:47
alive: evaluator_armB_turning_on_radio.log 08:16:47
alive: evaluator_armB_turning_on_radio.log 08:17:47
alive: evaluator_armB_turning_on_radio.log 08:20:47
alive: evaluator_armB_turning_on_radio.log 08:21:47
alive: evaluator_armB_turning_on_radio.log 08:22:47
alive: evaluator_armB_turning_on_radio.log 08:23:47
alive: evaluator_armB_turning_on_radio.log 08:24:47
alive: evaluator_armB_turning_on_radio.log 08:25:47
alive: evaluator_armB_turning_on_radio.log 08:26:47
alive: evaluator_armB_turning_on_radio.log 08:27:47
alive: evaluator_armB_turning_on_radio.log 08:28:47
alive: evaluator_armB_turning_on_radio.log 08:29:47
alive: evaluator_armB_turning_on_radio.log 08:30:48
alive: evaluator_armB_turning_on_radio.log 08:31:48
alive: evaluator_armB_turning_on_radio.log 08:32:48
alive: evaluator_armB_turning_on_radio.log 08:33:48
alive: evaluator_armB_turning_on_radio.log 08:34:48
alive: evaluator_armB_turning_on_radio.log 08:35:48
alive: evaluator_armB_turning_on_radio.log 08:36:48
alive: evaluator_armB_turning_on_radio.log 08:37:48
alive: evaluator_armB_turning_on_radio.log 08:38:48
alive: evaluator_armB_turning_on_radio.log 08:39:48
alive: evaluator_armB_turning_on_radio.log 08:40:48
alive: evaluator_armB_turning_on_radio.log 08:41:48
alive: evaluator_armB_turning_on_radio.log 08:42:48
alive: evaluator_armB_turning_on_radio.log 08:45:48
alive: evaluator_armB_turning_on_radio.log 08:46:48
alive: evaluator_armB_turning_on_radio.log 08:47:48
alive: evaluator_armB_turning_on_radio.log 08:48:49
alive: evaluator_armB_turning_on_radio.log 08:49:49
alive: evaluator_armB_turning_on_radio.log 08:50:49
alive: evaluator_armB_turning_on_radio.log 08:51:49
alive: evaluator_armB_turning_on_radio.log 08:52:49
alive: evaluator_armB_turning_on_radio.log 08:53:49
alive: evaluator_armB_turning_on_radio.log 08:56:49
alive: evaluator_armB_turning_on_radio.log 08:57:49
alive: evaluator_armB_turning_on_radio.log 08:58:49
alive: evaluator_armB_turning_on_radio.log 08:59:49
alive: evaluator_armB_turning_on_radio.log 09:00:49
alive: evaluator_armB_turning_on_radio.log 09:03:50
alive: evaluator_armB_turning_on_radio.log 09:04:50
alive: evaluator_armB_turning_on_radio.log 09:05:50
alive: evaluator_armB_turning_on_radio.log 09:06:50
alive: evaluator_armB_turning_on_radio.log 09:07:50
alive: evaluator_armB_turning_on_radio.log 09:10:50
alive: evaluator_armB_turning_on_radio.log 09:11:50
alive: evaluator_armB_turning_on_radio.log 09:12:50
alive: evaluator_armB_turning_on_radio.log 09:13:50
alive: evaluator_armB_turning_on_radio.log 09:14:50
alive: evaluator_armB_turning_on_radio.log 09:18:50
alive: evaluator_armB_turning_on_radio.log 09:19:50
alive: evaluator_armB_turning_on_radio.log 09:20:50
alive: evaluator_armB_turning_on_radio.log 09:21:51
alive: evaluator_armB_turning_on_radio.log 09:22:51
alive: evaluator_armB_turning_on_radio.log 09:25:51
alive: evaluator_armB_turning_on_radio.log 09:26:51
alive: evaluator_armB_turning_on_radio.log 09:27:51
alive: evaluator_armB_turning_on_radio.log 09:28:51
alive: evaluator_armB_turning_on_radio.log 09:29:51
alive: evaluator_armB_turning_on_radio.log 09:32:51
alive: evaluator_armB_turning_on_radio.log 09:33:51
alive: evaluator_armB_turning_on_radio.log 09:34:51
alive: evaluator_armB_turning_on_radio.log 09:35:51
alive: evaluator_armB_turning_on_radio.log 09:36:51
alive: evaluator_armB_turning_on_radio.log 09:37:51
alive: evaluator_armB_turning_on_radio.log 09:38:51
alive: evaluator_armB_turning_on_radio.log 09:39:52
alive: evaluator_armB_turning_on_radio.log 09:40:52
alive: evaluator_armB_turning_on_radio.log 09:43:52
alive: evaluator_armB_turning_on_radio.log 09:44:52
alive: evaluator_armB_turning_on_radio.log 09:45:52
alive: evaluator_armB_turning_on_radio.log 09:46:52
alive: evaluator_armB_turning_on_radio.log 09:47:52
alive: evaluator_armB_turning_on_radio.log 09:48:52
alive: evaluator_armB_turning_on_radio.log 09:51:52
alive: evaluator_armB_turning_on_radio.log 09:52:52
alive: evaluator_armB_turning_on_radio.log 09:53:52
alive: evaluator_armB_turning_on_radio.log 09:54:52
alive: evaluator_armB_turning_on_radio.log 09:55:52
alive: evaluator_armB_turning_on_radio.log 09:58:53
alive: evaluator_armB_turning_on_radio.log 09:59:53
alive: evaluator_armB_turning_on_radio.log 10:00:53
alive: evaluator_armB_turning_on_radio.log 10:01:53
alive: evaluator_armB_turning_on_radio.log 10:02:53
alive: evaluator_armB_turning_on_radio.log 10:05:53
alive: evaluator_armB_turning_on_radio.log 10:06:53
alive: evaluator_armB_turning_on_radio.log 10:07:53
alive: evaluator_armB_turning_on_radio.log 10:08:53
alive: evaluator_armB_turning_on_radio.log 10:09:53
alive: evaluator_armB_turning_on_radio.log 10:12:53
alive: evaluator_armB_turning_on_radio.log 10:13:53
alive: evaluator_armB_turning_on_radio.log 10:14:53
alive: evaluator_armB_turning_on_radio.log 10:15:53
alive: evaluator_armB_turning_on_radio.log 10:16:53
alive: evaluator_armB_turning_on_radio.log 10:18:54
alive: evaluator_armB_turning_on_radio.log 10:19:54
alive: evaluator_armB_turning_on_radio.log 10:20:54
alive: evaluator_armB_turning_on_radio.log 10:21:54
alive: evaluator_armB_turning_on_radio.log 10:22:54
alive: evaluator_armB_turning_on_radio.log 10:25:54
alive: evaluator_armB_turning_on_radio.log 10:26:54
alive: evaluator_armB_turning_on_radio.log 10:27:54
alive: evaluator_armB_turning_on_radio.log 10:28:54
alive: evaluator_armB_turning_on_radio.log 10:29:54
alive: evaluator_armB_turning_on_radio.log 10:30:54
alive: evaluator_armB_turning_on_radio.log 10:33:54
alive: evaluator_armB_turning_on_radio.log 10:34:54
alive: evaluator_armB_turning_on_radio.log 10:35:54
alive: evaluator_armB_turning_on_radio.log 10:36:54
alive: evaluator_armB_turning_on_radio.log 10:37:55
alive: evaluator_armB_turning_on_radio.log 10:41:55
alive: evaluator_armB_turning_on_radio.log 10:42:55
alive: evaluator_armB_turning_on_radio.log 10:43:55
alive: evaluator_armB_turning_on_radio.log 10:44:55
alive: evaluator_armB_turning_on_radio.log 10:45:55
alive: evaluator_armB_turning_on_radio.log 10:46:55
alive: evaluator_armB_turning_on_radio.log 10:49:55
alive: evaluator_armB_turning_on_radio.log 10:50:55
alive: evaluator_armB_turning_on_radio.log 10:51:56
alive: evaluator_armB_turning_on_radio.log 10:52:56
alive: evaluator_armB_turning_on_radio.log 10:53:56
alive: evaluator_armB_turning_on_radio.log 10:54:56
alive: evaluator_armB_turning_on_radio.log 10:55:56
alive: evaluator_armB_turning_on_radio.log 10:56:56
alive: evaluator_armB_turning_on_radio.log 10:57:56
alive: evaluator_armB_turning_on_radio.log 10:58:56
alive: evaluator_armB_turning_on_radio.log 10:59:56
alive: evaluator_armB_turning_on_radio.log 11:03:56
alive: evaluator_armB_turning_on_radio.log 11:04:57
alive: evaluator_armB_turning_on_radio.log 11:05:57
alive: evaluator_armB_turning_on_radio.log 11:06:57
alive: evaluator_armB_turning_on_radio.log 11:07:57
alive: evaluator_armB_turning_on_radio.log 11:08:57
alive: evaluator_armB_turning_on_radio.log 11:12:57
alive: evaluator_armB_turning_on_radio.log 11:13:57
alive: evaluator_armB_turning_on_radio.log 11:14:57
alive: evaluator_armB_turning_on_radio.log 11:15:57
alive: evaluator_armB_turning_on_radio.log 11:16:57
alive: evaluator_armB_turning_on_radio.log 11:22:58
alive: evaluator_armB_turning_on_radio.log 11:23:58
alive: evaluator_armB_turning_on_radio.log 11:24:58
alive: evaluator_armB_turning_on_radio.log 11:25:58
alive: evaluator_armB_turning_on_radio.log 11:26:58
alive: evaluator_armB_turning_on_radio.log 11:31:58
alive: evaluator_armB_turning_on_radio.log 11:32:58
alive: evaluator_armB_turning_on_radio.log 11:33:58
alive: evaluator_armB_turning_on_radio.log 11:34:58
alive: evaluator_armB_turning_on_radio.log 11:35:58
alive: evaluator_armB_turning_on_radio.log 11:40:59
alive: evaluator_armB_turning_on_radio.log 11:41:59
alive: evaluator_armB_turning_on_radio.log 11:42:59
alive: evaluator_armB_turning_on_radio.log 11:43:59
alive: evaluator_armB_turning_on_radio.log 11:44:59
alive: evaluator_armB_turning_on_radio.log 11:49:59
alive: evaluator_armB_turning_on_radio.log 11:50:59
alive: evaluator_armB_turning_on_radio.log 11:51:59
alive: evaluator_armB_turning_on_radio.log 11:52:59
alive: evaluator_armB_turning_on_radio.log 11:54:00
alive: evaluator_armB_turning_on_radio.log 11:55:00
alive: evaluator_armB_turning_on_radio.log 11:56:00
alive: evaluator_armB_turning_on_radio.log 11:57:00
alive: evaluator_armB_turning_on_radio.log 11:58:00
alive: evaluator_armB_turning_on_radio.log 11:59:00
alive: evaluator_armB_turning_on_radio.log 12:00:00
alive: evaluator_armB_turning_on_radio.log 12:01:00
alive: evaluator_armB_turning_on_radio.log 12:02:00
alive: evaluator_armB_turning_on_radio.log 12:03:00
alive: evaluator_armB_turning_on_radio.log 12:04:00
alive: evaluator_armB_turning_on_radio.log 12:05:01
alive: evaluator_armB_turning_on_radio.log 12:06:01
alive: evaluator_armB_turning_on_radio.log 12:07:01
alive: evaluator_armB_turning_on_radio.log 12:08:01
alive: evaluator_armB_turning_on_radio.log 12:09:01
alive: evaluator_armB_turning_on_radio.log 12:10:01
alive: evaluator_armB_turning_on_radio.log 12:17:01
alive: evaluator_armB_turning_on_radio.log 12:18:01
alive: evaluator_armB_turning_on_radio.log 12:19:01
alive: evaluator_armB_turning_on_radio.log 12:20:02
alive: evaluator_armB_turning_on_radio.log 12:21:02
alive: evaluator_armB_turning_on_radio.log 12:26:02
alive: evaluator_armB_turning_on_radio.log 12:27:02
alive: evaluator_armB_turning_on_radio.log 12:28:02
alive: evaluator_armB_turning_on_radio.log 12:29:02
alive: evaluator_armB_turning_on_radio.log 12:30:02
alive: evaluator_armB_turning_on_radio.log 12:35:03
alive: evaluator_armB_turning_on_radio.log 12:36:03
alive: evaluator_armB_turning_on_radio.log 12:37:03
alive: evaluator_armB_turning_on_radio.log 12:38:03
alive: evaluator_armB_turning_on_radio.log 12:39:03
alive: eval.log 12:45:03
alive: eval.log 12:46:03
STATUS DONE: arm A 38/108, arm B 40/108 successes; comparison in /workspace/eval2/compare.txt
