
=== STAGE 0_preflight 2026-10-01T19:24:37Z
measuring volume usage with du (minutes)...
volume /workspace: 150 GB used of 200 GB, 50 GB free (need 50)
vCPUs 23 -> 20 dataloader workers

=== STAGE 0_setup 2026-10-01T19:27:31Z
 + zipp==3.22.0
    scripts/apply_openpi_patches.sh --reverse
jax 0.5.3 [CudaDevice(id=0)]

=== STAGE 1_data 2026-10-01T19:28:13Z
episodes 200, frames 1253243 -> /opt/tasks/set_up_a_coffee_station_in_your_kitchen
==> compacted: 199 episodes, 1247890 frames, dense episode_index and index
==> dropped 1 episode(s) with unlabelled frames: [111]
episodes 200, frames 1545229 -> /opt/tasks/putting_shoes_on_rack
==> compacted: 195 episodes, 1503533 frames, dense episode_index and index
==> dropped 5 episode(s) with unlabelled frames: [14, 55, 72, 77, 156]
DROPPED 3 stream(s) ['observation.depth_linear.left_realsense_link_camera_0', 'observation.depth_linear.right_realsense_link_camera_0', 'observation.depth_linear.zed_link_camera_0']; video streams kept: ['observation.rgb.left_realsense_link_camera_0', 'observation.rgb.right_realsense_link_camera_0', 'observation.rgb.zed_link_camera_0']
DROPPED 3 stream(s) ['observation.depth_linear.left_realsense_link_camera_0', 'observation.depth_linear.right_realsense_link_camera_0', 'observation.depth_linear.zed_link_camera_0']; video streams kept: ['observation.rgb.left_realsense_link_camera_0', 'observation.rgb.right_realsense_link_camera_0', 'observation.rgb.zed_link_camera_0']
STREAMS_OK set_up_a_coffee_station_in_your_kitchen: ['observation.rgb.left_realsense_link_camera_0', 'observation.rgb.right_realsense_link_camera_0', 'observation.rgb.zed_link_camera_0']
STREAMS_OK putting_shoes_on_rack: ['observation.rgb.left_realsense_link_camera_0', 'observation.rgb.right_realsense_link_camera_0', 'observation.rgb.zed_link_camera_0']
data fingerprint 8a7853e2ea95d1ca cf9b6e5ec1b01a79 

=== STAGE 2_norm_stats 2026-10-01T19:30:45Z

=== STAGE 3_check_both_arms 2026-10-01T19:30:46Z
/workspace/shot1/check_armA.log:config            pi05_b1k_frozen_vlm
/workspace/shot1/check_armA.log:norm_stats loaded True
/workspace/shot1/check_armA.log:progress_key      None
/workspace/shot1/check_armA.log:progress_weight   0.0
/workspace/shot1/check_armA.log:progress_head     False
/workspace/shot1/check_armB.log:config            pi05_b1k_frozen_vlm_progress
/workspace/shot1/check_armB.log:norm_stats loaded True
/workspace/shot1/check_armB.log:progress_key      progress
/workspace/shot1/check_armB.log:progress_weight   0.15
/workspace/shot1/check_armB.log:progress_head     True

=== STAGE 4_arm_A 2026-10-01T19:31:02Z
--- ARM armA pi05_b1k_frozen_vlm steps=10000 workers=20 --resume attempt 0 2026-10-01T19:31:02Z
RESUME_TEST PASS: restarted at step 1001 (checkpoint 1000)
ARM_armA_RC=0 last Step 9999

=== STAGE 5_arm_B 2026-10-02T05:13:41Z
--- ARM armB pi05_b1k_frozen_vlm_progress --progress-key progress --progress-loss-weight 0.15 steps=10000 workers=20 fresh attempt 0 2026-10-02T05:13:41Z
HEALTH PASS arm B: action_loss 0.7045 -> 0.1704 (z = 15.4); progress_loss 0.6944 -> 0.6209 (z = 21.1)
ARM_armB_RC=0 last Step 9999

=== STAGE 6_manifest 2026-10-02T16:16:32Z
{
  "finished_utc": "2026-10-02T16:16:32Z",
  "steps": 10000,
  "lambda": 0.15,
  "seed": 42,
  "batch_size": 32,
  "workers": 20,
  "vcpus": 23,
  "gpu": "NVIDIA RTX PRO 4500 Blackwell, 32623 MiB",
  "resume_test": "RESUME_TEST PASS: restarted at step 1001 (checkpoint 1000)",
  "health_armA": "HEALTH PASS arm A: action_loss 0.7042 -> 0.1695 (z = 15.4)",
  "health_armB": "HEALTH PASS arm B: action_loss 0.7045 -> 0.1704 (z = 15.4); progress_loss 0.6944 -> 0.6209 (z = 21.1)",
  "config_a": "pi05_b1k_frozen_vlm",
  "config_b": "pi05_b1k_frozen_vlm_progress",
  "tasks": "set_up_a_coffee_station_in_your_kitchen,putting_shoes_on_rack",
  "data_fingerprint": "8a7853e2ea95d1ca cf9b6e5ec1b01a79 ",
  "norm_stats_sha": "d9dd9b98d20dda32",
  "gate": "GATE GO mean 3.68 s/step over steps 50..300 <= 4.50",
  "openpi": "0cc8e35",
  "behavior26": "031923d",
  "checkpoints": "/workspace/shot1/checkpoints"
}
STATUS DONE
SHOT1_EXIT rc=0 after 1251 min; status: DONE 2026-10-02T16:16:32Z TERMINAL 2026-10-02T16:16:32Z 
The pod is still billing: scripts/watchdog.sh on the laptop terminates it on TERMINAL.
